Archive member included to satisfy reference by file (symbol)

f:/stm_workbench/plugins/fr.ac6.mcu.externaltools.arm-none.win32_1.17.0.201812190825/tools/compiler/bin/../lib/gcc/arm-none-eabi/7.3.1/thumb/v7-m\libgcc.a(_aeabi_uldivmod.o)
                              Drivers/STM32F1xx_HAL_Driver/Src/stm32f1xx_hal_rcc.o (__aeabi_uldivmod)
f:/stm_workbench/plugins/fr.ac6.mcu.externaltools.arm-none.win32_1.17.0.201812190825/tools/compiler/bin/../lib/gcc/arm-none-eabi/7.3.1/thumb/v7-m\libgcc.a(_udivmoddi4.o)
                              f:/stm_workbench/plugins/fr.ac6.mcu.externaltools.arm-none.win32_1.17.0.201812190825/tools/compiler/bin/../lib/gcc/arm-none-eabi/7.3.1/thumb/v7-m\libgcc.a(_aeabi_uldivmod.o) (__udivmoddi4)
f:/stm_workbench/plugins/fr.ac6.mcu.externaltools.arm-none.win32_1.17.0.201812190825/tools/compiler/bin/../lib/gcc/arm-none-eabi/7.3.1/thumb/v7-m\libgcc.a(_dvmd_tls.o)
                              f:/stm_workbench/plugins/fr.ac6.mcu.externaltools.arm-none.win32_1.17.0.201812190825/tools/compiler/bin/../lib/gcc/arm-none-eabi/7.3.1/thumb/v7-m\libgcc.a(_aeabi_uldivmod.o) (__aeabi_ldiv0)
f:/stm_workbench/plugins/fr.ac6.mcu.externaltools.arm-none.win32_1.17.0.201812190825/tools/compiler/bin/../lib/gcc/arm-none-eabi/7.3.1/../../../../arm-none-eabi/lib/thumb/v7-m\libc_nano.a(lib_a-errno.o)
                              Core/Src/syscalls.o (__errno)
f:/stm_workbench/plugins/fr.ac6.mcu.externaltools.arm-none.win32_1.17.0.201812190825/tools/compiler/bin/../lib/gcc/arm-none-eabi/7.3.1/../../../../arm-none-eabi/lib/thumb/v7-m\libc_nano.a(lib_a-exit.o)
                              f:/stm_workbench/plugins/fr.ac6.mcu.externaltools.arm-none.win32_1.17.0.201812190825/tools/compiler/bin/../lib/gcc/arm-none-eabi/7.3.1/../../../../arm-none-eabi/lib/thumb/v7-m/crt0.o (exit)
f:/stm_workbench/plugins/fr.ac6.mcu.externaltools.arm-none.win32_1.17.0.201812190825/tools/compiler/bin/../lib/gcc/arm-none-eabi/7.3.1/../../../../arm-none-eabi/lib/thumb/v7-m\libc_nano.a(lib_a-impure.o)
                              f:/stm_workbench/plugins/fr.ac6.mcu.externaltools.arm-none.win32_1.17.0.201812190825/tools/compiler/bin/../lib/gcc/arm-none-eabi/7.3.1/../../../../arm-none-eabi/lib/thumb/v7-m\libc_nano.a(lib_a-exit.o) (_global_impure_ptr)
f:/stm_workbench/plugins/fr.ac6.mcu.externaltools.arm-none.win32_1.17.0.201812190825/tools/compiler/bin/../lib/gcc/arm-none-eabi/7.3.1/../../../../arm-none-eabi/lib/thumb/v7-m\libc_nano.a(lib_a-init.o)
                              f:/stm_workbench/plugins/fr.ac6.mcu.externaltools.arm-none.win32_1.17.0.201812190825/tools/compiler/bin/../lib/gcc/arm-none-eabi/7.3.1/../../../../arm-none-eabi/lib/thumb/v7-m/crt0.o (__libc_init_array)
f:/stm_workbench/plugins/fr.ac6.mcu.externaltools.arm-none.win32_1.17.0.201812190825/tools/compiler/bin/../lib/gcc/arm-none-eabi/7.3.1/../../../../arm-none-eabi/lib/thumb/v7-m\libc_nano.a(lib_a-memset.o)
                              f:/stm_workbench/plugins/fr.ac6.mcu.externaltools.arm-none.win32_1.17.0.201812190825/tools/compiler/bin/../lib/gcc/arm-none-eabi/7.3.1/../../../../arm-none-eabi/lib/thumb/v7-m/crt0.o (memset)

Allocating common symbols
Common symbol       size              file

uwTick              0x4               Drivers/STM32F1xx_HAL_Driver/Src/stm32f1xx_hal.o
pFlash              0x20              Drivers/STM32F1xx_HAL_Driver/Src/stm32f1xx_hal_flash.o

Discarded input sections

 .text          0x00000000        0x0 f:/stm_workbench/plugins/fr.ac6.mcu.externaltools.arm-none.win32_1.17.0.201812190825/tools/compiler/bin/../lib/gcc/arm-none-eabi/7.3.1/thumb/v7-m/crti.o
 .data          0x00000000        0x0 f:/stm_workbench/plugins/fr.ac6.mcu.externaltools.arm-none.win32_1.17.0.201812190825/tools/compiler/bin/../lib/gcc/arm-none-eabi/7.3.1/thumb/v7-m/crti.o
 .bss           0x00000000        0x0 f:/stm_workbench/plugins/fr.ac6.mcu.externaltools.arm-none.win32_1.17.0.201812190825/tools/compiler/bin/../lib/gcc/arm-none-eabi/7.3.1/thumb/v7-m/crti.o
 .data          0x00000000        0x4 f:/stm_workbench/plugins/fr.ac6.mcu.externaltools.arm-none.win32_1.17.0.201812190825/tools/compiler/bin/../lib/gcc/arm-none-eabi/7.3.1/thumb/v7-m/crtbegin.o
 .text          0x00000000       0x74 f:/stm_workbench/plugins/fr.ac6.mcu.externaltools.arm-none.win32_1.17.0.201812190825/tools/compiler/bin/../lib/gcc/arm-none-eabi/7.3.1/../../../../arm-none-eabi/lib/thumb/v7-m/crt0.o
 .data          0x00000000        0x0 f:/stm_workbench/plugins/fr.ac6.mcu.externaltools.arm-none.win32_1.17.0.201812190825/tools/compiler/bin/../lib/gcc/arm-none-eabi/7.3.1/../../../../arm-none-eabi/lib/thumb/v7-m/crt0.o
 .bss           0x00000000        0x0 f:/stm_workbench/plugins/fr.ac6.mcu.externaltools.arm-none.win32_1.17.0.201812190825/tools/compiler/bin/../lib/gcc/arm-none-eabi/7.3.1/../../../../arm-none-eabi/lib/thumb/v7-m/crt0.o
[...]
Memory Configuration

Name             Origin             Length             Attributes
RAM              0x20000000         0x00010000         xrw
FLASH            0x08000000         0x00040000         xr
*default*        0x00000000         0xffffffff

Linker script and memory map

LOAD f:/stm_workbench/plugins/fr.ac6.mcu.externaltools.arm-none.win32_1.17.0.201812190825/tools/compiler/bin/../lib/gcc/arm-none-eabi/7.3.1/thumb/v7-m/crti.o
LOAD f:/stm_workbench/plugins/fr.ac6.mcu.externaltools.arm-none.win32_1.17.0.201812190825/tools/compiler/bin/../lib/gcc/arm-none-eabi/7.3.1/thumb/v7-m/crtbegin.o
LOAD f:/stm_workbench/plugins/fr.ac6.mcu.externaltools.arm-none.win32_1.17.0.201812190825/tools/compiler/bin/../lib/gcc/arm-none-eabi/7.3.1/../../../../arm-none-eabi/lib/thumb/v7-m/crt0.o
LOAD Core/Src/main.o
LOAD Core/Src/stm32f1xx_hal_msp.o
LOAD Core/Src/stm32f1xx_it.o
LOAD Core/Src/syscalls.o
LOAD Core/Src/system_stm32f1xx.o
LOAD Drivers/STM32F1xx_HAL_Driver/Src/stm32f1xx_hal.o
LOAD Drivers/STM32F1xx_HAL_Driver/Src/stm32f1xx_hal_cortex.o
LOAD Drivers/STM32F1xx_HAL_Driver/Src/stm32f1xx_hal_dma.o
LOAD Drivers/STM32F1xx_HAL_Driver/Src/stm32f1xx_hal_exti.o
LOAD Drivers/STM32F1xx_HAL_Driver/Src/stm32f1xx_hal_flash.o
LOAD Drivers/STM32F1xx_HAL_Driver/Src/stm32f1xx_hal_flash_ex.o
LOAD Drivers/STM32F1xx_HAL_Driver/Src/stm32f1xx_hal_gpio.o
LOAD Drivers/STM32F1xx_HAL_Driver/Src/stm32f1xx_hal_gpio_ex.o
LOAD Drivers/STM32F1xx_HAL_Driver/Src/stm32f1xx_hal_pwr.o
LOAD Drivers/STM32F1xx_HAL_Driver/Src/stm32f1xx_hal_rcc.o
LOAD Drivers/STM32F1xx_HAL_Driver/Src/stm32f1xx_hal_rcc_ex.o
LOAD Drivers/STM32F1xx_HAL_Driver/Src/stm32f1xx_hal_tim.o
LOAD Drivers/STM32F1xx_HAL_Driver/Src/stm32f1xx_hal_tim_ex.o
LOAD startup/startup_stm32f107xc.o
LOAD f:/stm_workbench/plugins/fr.ac6.mcu.externaltools.arm-none.win32_1.17.0.201812190825/tools/compiler/bin/../lib/gcc/arm-none-eabi/7.3.1/../../../../arm-none-eabi/lib/thumb/v7-m\libm.a
START GROUP
LOAD f:/stm_workbench/plugins/fr.ac6.mcu.externaltools.arm-none.win32_1.17.0.201812190825/tools/compiler/bin/../lib/gcc/arm-none-eabi/7.3.1/thumb/v7-m\libgcc.a
LOAD f:/stm_workbench/plugins/fr.ac6.mcu.externaltools.arm-none.win32_1.17.0.201812190825/tools/compiler/bin/../lib/gcc/arm-none-eabi/7.3.1/../../../../arm-none-eabi/lib/thumb/v7-m\libc_nano.a
END GROUP
START GROUP
LOAD f:/stm_workbench/plugins/fr.ac6.mcu.externaltools.arm-none.win32_1.17.0.201812190825/tools/compiler/bin/../lib/gcc/arm-none-eabi/7.3.1/thumb/v7-m\libgcc.a
LOAD f:/stm_workbench/plugins/fr.ac6.mcu.externaltools.arm-none.win32_1.17.0.201812190825/tools/compiler/bin/../lib/gcc/arm-none-eabi/7.3.1/../../../../arm-none-eabi/lib/thumb/v7-m\libc_nano.a
LOAD f:/stm_workbench/plugins/fr.ac6.mcu.externaltools.arm-none.win32_1.17.0.201812190825/tools/compiler/bin/../lib/gcc/arm-none-eabi/7.3.1/../../../../arm-none-eabi/lib/thumb/v7-m\libnosys.a
END GROUP
START GROUP
LOAD f:/stm_workbench/plugins/fr.ac6.mcu.externaltools.arm-none.win32_1.17.0.201812190825/tools/compiler/bin/../lib/gcc/arm-none-eabi/7.3.1/thumb/v7-m\libgcc.a
LOAD f:/stm_workbench/plugins/fr.ac6.mcu.externaltools.arm-none.win32_1.17.0.201812190825/tools/compiler/bin/../lib/gcc/arm-none-eabi/7.3.1/../../../../arm-none-eabi/lib/thumb/v7-m\libc_nano.a
LOAD f:/stm_workbench/plugins/fr.ac6.mcu.externaltools.arm-none.win32_1.17.0.201812190825/tools/compiler/bin/../lib/gcc/arm-none-eabi/7.3.1/../../../../arm-none-eabi/lib/thumb/v7-m\libnosys.a
END GROUP
LOAD f:/stm_workbench/plugins/fr.ac6.mcu.externaltools.arm-none.win32_1.17.0.201812190825/tools/compiler/bin/../lib/gcc/arm-none-eabi/7.3.1/thumb/v7-m/crtend.o
LOAD f:/stm_workbench/plugins/fr.ac6.mcu.externaltools.arm-none.win32_1.17.0.201812190825/tools/compiler/bin/../lib/gcc/arm-none-eabi/7.3.1/thumb/v7-m/crtn.o
                0x20010000                _estack = 0x20010000
                0x00000200                _Min_Heap_Size = 0x200
                0x00000400                _Min_Stack_Size = 0x400

.isr_vector     0x08000000      0x1e4
                0x08000000                . = ALIGN (0x4)
 *(.isr_vector)
 .isr_vector    0x08000000      0x1e4 startup/startup_stm32f107xc.o
                0x08000000                g_pfnVectors
                0x080001e4                . = ALIGN (0x4)

.text           0x080001e4      0xd98
                0x080001e4                . = ALIGN (0x4)
 *(.text)
 .text          0x080001e4       0x40 f:/stm_workbench/plugins/fr.ac6.mcu.externaltools.arm-none.win32_1.17.0.201812190825/tools/compiler/bin/../lib/gcc/arm-none-eabi/7.3.1/thumb/v7-m/crtbegin.o
 .text          0x08000224       0x30 f:/stm_workbench/plugins/fr.ac6.mcu.externaltools.arm-none.win32_1.17.0.201812190825/tools/compiler/bin/../lib/gcc/arm-none-eabi/7.3.1/thumb/v7-m\libgcc.a(_aeabi_uldivmod.o)
                0x08000224                __aeabi_uldivmod
 .text          0x08000254      0x2d0 f:/stm_workbench/plugins/fr.ac6.mcu.externaltools.arm-none.win32_1.17.0.201812190825/tools/compiler/bin/../lib/gcc/arm-none-eabi/7.3.1/thumb/v7-m\libgcc.a(_udivmoddi4.o)
                0x08000254                __udivmoddi4
 .text          0x08000524        0x4 f:/stm_workbench/plugins/fr.ac6.mcu.externaltools.arm-none.win32_1.17.0.201812190825/tools/compiler/bin/../lib/gcc/arm-none-eabi/7.3.1/thumb/v7-m\libgcc.a(_dvmd_tls.o)
                0x08000524                __aeabi_idiv0
                0x08000524                __aeabi_ldiv0
 *(.text*)
 .text.MX_GPIO_Init
                0x08000528       0x20 Core/Src/main.o
 .text.SystemClock_Config
                0x08000548       0x54 Core/Src/main.o
                0x08000548                SystemClock_Config
 .text.main     0x0800059c       0x10 Core/Src/main.o
                0x0800059c                main
 .text.HAL_MspInit
                0x080005ac       0x44 Core/Src/stm32f1xx_hal_msp.o
                0x080005ac                HAL_MspInit
 .text.NMI_Handler
                0x080005f0        0x2 Core/Src/stm32f1xx_it.o
                0x080005f0                NMI_Handler
 .text.HardFault_Handler
                0x080005f2        0x2 Core/Src/stm32f1xx_it.o
                0x080005f2                HardFault_Handler
 .text.MemManage_Handler
                0x080005f4        0x2 Core/Src/stm32f1xx_it.o
                0x080005f4                MemManage_Handler
 .text.BusFault_Handler
                0x080005f6        0x2 Core/Src/stm32f1xx_it.o
                0x080005f6                BusFault_Handler
 .text.UsageFault_Handler
                0x080005f8        0x2 Core/Src/stm32f1xx_it.o
                0x080005f8                UsageFault_Handler
 .text.SVC_Handler
                0x080005fa        0x2 Core/Src/stm32f1xx_it.o
                0x080005fa                SVC_Handler
 .text.DebugMon_Handler
                0x080005fc        0x2 Core/Src/stm32f1xx_it.o
                0x080005fc                DebugMon_Handler
 .text.PendSV_Handler
                0x080005fe        0x2 Core/Src/stm32f1xx_it.o
                0x080005fe                PendSV_Handler
 .text.SysTick_Handler
                0x08000600        0x8 Core/Src/stm32f1xx_it.o
                0x08000600                SysTick_Handler
 .text.SystemInit
                0x08000608        0x2 Core/Src/system_stm32f1xx.o
                0x08000608                SystemInit
 *fill*         0x0800060a        0x2 
 .text.HAL_InitTick
                0x0800060c       0x48 Drivers/STM32F1xx_HAL_Driver/Src/stm32f1xx_hal.o
                0x0800060c                HAL_InitTick
 .text.HAL_Init
                0x08000654       0x24 Drivers/STM32F1xx_HAL_Driver/Src/stm32f1xx_hal.o
                0x08000654                HAL_Init
 .text.HAL_IncTick
                0x08000678       0x18 Drivers/STM32F1xx_HAL_Driver/Src/stm32f1xx_hal.o
                0x08000678                HAL_IncTick
 .text.HAL_GetTick
                0x08000690        0xc Drivers/STM32F1xx_HAL_Driver/Src/stm32f1xx_hal.o
                0x08000690                HAL_GetTick
 .text.HAL_NVIC_SetPriorityGrouping
                0x0800069c       0x24 Drivers/STM32F1xx_HAL_Driver/Src/stm32f1xx_hal_cortex.o
                0x0800069c                HAL_NVIC_SetPriorityGrouping
 .text.HAL_NVIC_SetPriority
                0x080006c0       0x68 Drivers/STM32F1xx_HAL_Driver/Src/stm32f1xx_hal_cortex.o
                0x080006c0                HAL_NVIC_SetPriority
 .text.HAL_SYSTICK_Config
                0x08000728       0x2c Drivers/STM32F1xx_HAL_Driver/Src/stm32f1xx_hal_cortex.o
                0x08000728                HAL_SYSTICK_Config
 .text.RCC_Delay
                0x08000754       0x2c Drivers/STM32F1xx_HAL_Driver/Src/stm32f1xx_hal_rcc.o
 .text.HAL_RCC_OscConfig
                0x08000780      0x4f4 Drivers/STM32F1xx_HAL_Driver/Src/stm32f1xx_hal_rcc.o
                0x08000780                HAL_RCC_OscConfig
 .text.HAL_RCC_GetSysClockFreq
                0x08000c74       0xe4 Drivers/STM32F1xx_HAL_Driver/Src/stm32f1xx_hal_rcc.o
                0x08000c74                HAL_RCC_GetSysClockFreq
 .text.HAL_RCC_ClockConfig
                0x08000d58      0x168 Drivers/STM32F1xx_HAL_Driver/Src/stm32f1xx_hal_rcc.o
                0x08000d58                HAL_RCC_ClockConfig
 .text.Reset_Handler
                0x08000ec0       0x48 startup/startup_stm32f107xc.o
                0x08000ec0                Reset_Handler
 .text.Default_Handler
                0x08000f08        0x2 startup/startup_stm32f107xc.o
                0x08000f08                RTC_Alarm_IRQHandler
                0x08000f08                EXTI2_IRQHandler
                0x08000f08                TIM1_CC_IRQHandler
                0x08000f08                TIM6_IRQHandler
                0x08000f08                PVD_IRQHandler
                0x08000f08                CAN2_RX1_IRQHandler
                0x08000f08                EXTI3_IRQHandler
                0x08000f08                EXTI0_IRQHandler
                0x08000f08                I2C2_EV_IRQHandler
                0x08000f08                CAN1_RX0_IRQHandler
                0x08000f08                CAN2_SCE_IRQHandler
                0x08000f08                ADC1_2_IRQHandler
                0x08000f08                SPI1_IRQHandler
                0x08000f08                TAMPER_IRQHandler
                0x08000f08                CAN2_RX0_IRQHandler
                0x08000f08                DMA2_Channel2_IRQHandler
                0x08000f08                DMA1_Channel4_IRQHandler
                0x08000f08                USART3_IRQHandler
                0x08000f08                RTC_IRQHandler
                0x08000f08                DMA1_Channel7_IRQHandler
                0x08000f08                CAN1_RX1_IRQHandler
                0x08000f08                UART5_IRQHandler
                0x08000f08                TIM4_IRQHandler
                0x08000f08                DMA2_Channel1_IRQHandler
                0x08000f08                I2C1_EV_IRQHandler
                0x08000f08                DMA1_Channel6_IRQHandler
                0x08000f08                UART4_IRQHandler
                0x08000f08                DMA2_Channel4_IRQHandler
                0x08000f08                TIM3_IRQHandler
                0x08000f08                RCC_IRQHandler
                0x08000f08                TIM1_TRG_COM_IRQHandler
                0x08000f08                DMA1_Channel1_IRQHandler
                0x08000f08                Default_Handler
                0x08000f08                EXTI15_10_IRQHandler
                0x08000f08                TIM7_IRQHandler
                0x08000f08                CAN2_TX_IRQHandler
                0x08000f08                TIM5_IRQHandler
                0x08000f08                EXTI9_5_IRQHandler
                0x08000f08                ETH_WKUP_IRQHandler
                0x08000f08                SPI2_IRQHandler
                0x08000f08                CAN1_TX_IRQHandler
                0x08000f08                DMA2_Channel5_IRQHandler
                0x08000f08                DMA1_Channel5_IRQHandler
                0x08000f08                EXTI4_IRQHandler
                0x08000f08                DMA1_Channel3_IRQHandler
                0x08000f08                ETH_IRQHandler
                0x08000f08                TIM1_UP_IRQHandler
                0x08000f08                WWDG_IRQHandler
                0x08000f08                TIM2_IRQHandler
                0x08000f08                OTG_FS_WKUP_IRQHandler
                0x08000f08                TIM1_BRK_IRQHandler
                0x08000f08                EXTI1_IRQHandler
                0x08000f08                USART2_IRQHandler
                0x08000f08                I2C2_ER_IRQHandler
                0x08000f08                DMA1_Channel2_IRQHandler
                0x08000f08                CAN1_SCE_IRQHandler
                0x08000f08                FLASH_IRQHandler
                0x08000f08                USART1_IRQHandler
                0x08000f08                OTG_FS_IRQHandler
                0x08000f08                SPI3_IRQHandler
                0x08000f08                I2C1_ER_IRQHandler
                0x08000f08                DMA2_Channel3_IRQHandler
 *fill*         0x08000f0a        0x2 
 .text.__libc_init_array
                0x08000f0c       0x48 f:/stm_workbench/plugins/fr.ac6.mcu.externaltools.arm-none.win32_1.17.0.201812190825/tools/compiler/bin/../lib/gcc/arm-none-eabi/7.3.1/../../../../arm-none-eabi/lib/thumb/v7-m\libc_nano.a(lib_a-init.o)
                0x08000f0c                __libc_init_array
 .text.memset   0x08000f54       0x10 f:/stm_workbench/plugins/fr.ac6.mcu.externaltools.arm-none.win32_1.17.0.201812190825/tools/compiler/bin/../lib/gcc/arm-none-eabi/7.3.1/../../../../arm-none-eabi/lib/thumb/v7-m\libc_nano.a(lib_a-memset.o)
                0x08000f54                memset
 *(.glue_7)
 .glue_7        0x08000f64        0x0 linker stubs
 *(.glue_7t)
 .glue_7t       0x08000f64        0x0 linker stubs
 *(.eh_frame)
 .eh_frame      0x08000f64        0x0 f:/stm_workbench/plugins/fr.ac6.mcu.externaltools.arm-none.win32_1.17.0.201812190825/tools/compiler/bin/../lib/gcc/arm-none-eabi/7.3.1/thumb/v7-m/crtbegin.o
 *(.init)
 .init          0x08000f64        0x4 f:/stm_workbench/plugins/fr.ac6.mcu.externaltools.arm-none.win32_1.17.0.201812190825/tools/compiler/bin/../lib/gcc/arm-none-eabi/7.3.1/thumb/v7-m/crti.o
                0x08000f64                _init
 .init          0x08000f68        0x8 f:/stm_workbench/plugins/fr.ac6.mcu.externaltools.arm-none.win32_1.17.0.201812190825/tools/compiler/bin/../lib/gcc/arm-none-eabi/7.3.1/thumb/v7-m/crtn.o
 *(.fini)
 .fini          0x08000f70        0x4 f:/stm_workbench/plugins/fr.ac6.mcu.externaltools.arm-none.win32_1.17.0.201812190825/tools/compiler/bin/../lib/gcc/arm-none-eabi/7.3.1/thumb/v7-m/crti.o
                0x08000f70                _fini
 .fini          0x08000f74        0x8 f:/stm_workbench/plugins/fr.ac6.mcu.externaltools.arm-none.win32_1.17.0.201812190825/tools/compiler/bin/../lib/gcc/arm-none-eabi/7.3.1/thumb/v7-m/crtn.o
                0x08000f7c                . = ALIGN (0x4)
                0x08000f7c                _etext = .

.vfp11_veneer   0x08000f7c        0x0
 .vfp11_veneer  0x08000f7c        0x0 linker stubs

.v4_bx          0x08000f7c        0x0
 .v4_bx         0x08000f7c        0x0 linker stubs

.iplt           0x08000f7c        0x0
 .iplt          0x08000f7c        0x0 f:/stm_workbench/plugins/fr.ac6.mcu.externaltools.arm-none.win32_1.17.0.201812190825/tools/compiler/bin/../lib/gcc/arm-none-eabi/7.3.1/thumb/v7-m/crtbegin.o

.rodata         0x08000f7c       0x38
                0x08000f7c                . = ALIGN (0x4)
 *(.rodata)
 .rodata        0x08000f7c       0x18 Core/Src/system_stm32f1xx.o
                0x08000f7c                AHBPrescTable
                0x08000f8c                APBPrescTable
 .rodata        0x08000f94       0x20 Drivers/STM32F1xx_HAL_Driver/Src/stm32f1xx_hal_rcc.o
 *(.rodata*)
                0x08000fb4                . = ALIGN (0x4)

.ARM.extab
 *(.ARM.extab* .gnu.linkonce.armextab.*)

.ARM            0x08000fb4        0x8
                0x08000fb4                __exidx_start = .
 *(.ARM.exidx*)
 .ARM.exidx     0x08000fb4        0x8 f:/stm_workbench/plugins/fr.ac6.mcu.externaltools.arm-none.win32_1.17.0.201812190825/tools/compiler/bin/../lib/gcc/arm-none-eabi/7.3.1/thumb/v7-m\libgcc.a(_udivmoddi4.o)
                0x08000fbc                __exidx_end = .

.rel.dyn        0x08000fbc        0x0
 .rel.iplt      0x08000fbc        0x0 f:/stm_workbench/plugins/fr.ac6.mcu.externaltools.arm-none.win32_1.17.0.201812190825/tools/compiler/bin/../lib/gcc/arm-none-eabi/7.3.1/thumb/v7-m/crtbegin.o

.preinit_array  0x08000fbc        0x0
                0x08000fbc                PROVIDE (__preinit_array_start = .)
 *(.preinit_array*)
                0x08000fbc                PROVIDE (__preinit_array_end = .)

.init_array     0x08000fbc        0x4
                0x08000fbc                PROVIDE (__init_array_start = .)
 *(SORT_BY_NAME(.init_array.*))
 *(.init_array*)
 .init_array    0x08000fbc        0x4 f:/stm_workbench/plugins/fr.ac6.mcu.externaltools.arm-none.win32_1.17.0.201812190825/tools/compiler/bin/../lib/gcc/arm-none-eabi/7.3.1/thumb/v7-m/crtbegin.o
                0x08000fc0                PROVIDE (__init_array_end = .)

.fini_array     0x08000fc0        0x4
                [!provide]                PROVIDE (__fini_array_start = .)
 *(SORT_BY_NAME(.fini_array.*))
 *(.fini_array*)
 .fini_array    0x08000fc0        0x4 f:/stm_workbench/plugins/fr.ac6.mcu.externaltools.arm-none.win32_1.17.0.201812190825/tools/compiler/bin/../lib/gcc/arm-none-eabi/7.3.1/thumb/v7-m/crtbegin.o
                [!provide]                PROVIDE (__fini_array_end = .)
                0x08000fc4                _sidata = LOADADDR (.data)

.data           0x20000000        0xc load address 0x08000fc4
                0x20000000                . = ALIGN (0x4)
                0x20000000                _sdata = .
 *(.data)
 .data          0x20000000        0x4 Core/Src/system_stm32f1xx.o
                0x20000000                SystemCoreClock
 .data          0x20000004        0x8 Drivers/STM32F1xx_HAL_Driver/Src/stm32f1xx_hal.o
                0x20000004                uwTickFreq
                0x20000008                uwTickPrio
 *(.data*)
                0x2000000c                . = ALIGN (0x4)
                0x2000000c                _edata = .

.igot.plt       0x2000000c        0x0 load address 0x08000fd0
 .igot.plt      0x2000000c        0x0 f:/stm_workbench/plugins/fr.ac6.mcu.externaltools.arm-none.win32_1.17.0.201812190825/tools/compiler/bin/../lib/gcc/arm-none-eabi/7.3.1/thumb/v7-m/crtbegin.o
                0x2000000c                . = ALIGN (0x4)

.bss            0x2000000c       0x20 load address 0x08000fd0
                0x2000000c                _sbss = .
                0x2000000c                __bss_start__ = _sbss
 *(.bss)
 .bss           0x2000000c       0x1c f:/stm_workbench/plugins/fr.ac6.mcu.externaltools.arm-none.win32_1.17.0.201812190825/tools/compiler/bin/../lib/gcc/arm-none-eabi/7.3.1/thumb/v7-m/crtbegin.o
 *(.bss*)
 *(COMMON)
 COMMON         0x20000028        0x4 Drivers/STM32F1xx_HAL_Driver/Src/stm32f1xx_hal.o
                0x20000028                uwTick
                0x2000002c                . = ALIGN (0x4)
                0x2000002c                _ebss = .
                0x2000002c                __bss_end__ = _ebss

._user_heap_stack
                0x2000002c      0x604 load address 0x08000fd0
                0x20000030                . = ALIGN (0x8)
 *fill*         0x2000002c        0x4 
                0x20000030                PROVIDE (end = .)
                [!provide]                PROVIDE (_end = .)
                0x20000230                . = (. + _Min_Heap_Size)
 *fill*         0x20000030      0x200 
                0x20000630                . = (. + _Min_Stack_Size)
 *fill*         0x20000230      0x400 
                0x20000630                . = ALIGN (0x8)

/DISCARD/
 libc.a(*)
 libm.a(*)
 libgcc.a(*)

.ARM.attributes
                0x00000000       0x29
 *(.ARM.attributes)
 .ARM.attributes
                0x00000000       0x1d f:/stm_workbench/plugins/fr.ac6.mcu.externaltools.arm-none.win32_1.17.0.201812190825/tools/compiler/bin/../lib/gcc/arm-none-eabi/7.3.1/thumb/v7-m/crti.o
 .ARM.attributes
                0x0000001d       0x2d f:/stm_workbench/plugins/fr.ac6.mcu.externaltools.arm-none.win32_1.17.0.201812190825/tools/compiler/bin/../lib/gcc/arm-none-eabi/7.3.1/thumb/v7-m/crtbegin.o
 .ARM.attributes
                0x0000004a       0x33 Core/Src/main.o
 .ARM.attributes
                0x0000007d       0x33 Core/Src/stm32f1xx_hal_msp.o
 .ARM.attributes
                0x000000b0       0x33 Core/Src/stm32f1xx_it.o
 .ARM.attributes
                0x000000e3       0x33 Core/Src/system_stm32f1xx.o
 .ARM.attributes
                0x00000116       0x33 Drivers/STM32F1xx_HAL_Driver/Src/stm32f1xx_hal.o
 .ARM.attributes
                0x00000149       0x33 Drivers/STM32F1xx_HAL_Driver/Src/stm32f1xx_hal_cortex.o
 .ARM.attributes
                0x0000017c       0x33 Drivers/STM32F1xx_HAL_Driver/Src/stm32f1xx_hal_rcc.o
 .ARM.attributes
                0x000001af       0x21 startup/startup_stm32f107xc.o
 .ARM.attributes
                0x000001d0       0x1d f:/stm_workbench/plugins/fr.ac6.mcu.externaltools.arm-none.win32_1.17.0.201812190825/tools/compiler/bin/../lib/gcc/arm-none-eabi/7.3.1/thumb/v7-m\libgcc.a(_aeabi_uldivmod.o)
 .ARM.attributes
                0x000001ed       0x2d f:/stm_workbench/plugins/fr.ac6.mcu.externaltools.arm-none.win32_1.17.0.201812190825/tools/compiler/bin/../lib/gcc/arm-none-eabi/7.3.1/thumb/v7-m\libgcc.a(_udivmoddi4.o)
 .ARM.attributes
                0x0000021a       0x1d f:/stm_workbench/plugins/fr.ac6.mcu.externaltools.arm-none.win32_1.17.0.201812190825/tools/compiler/bin/../lib/gcc/arm-none-eabi/7.3.1/thumb/v7-m\libgcc.a(_dvmd_tls.o)
 .ARM.attributes
                0x00000237       0x2d f:/stm_workbench/plugins/fr.ac6.mcu.externaltools.arm-none.win32_1.17.0.201812190825/tools/compiler/bin/../lib/gcc/arm-none-eabi/7.3.1/../../../../arm-none-eabi/lib/thumb/v7-m\libc_nano.a(lib_a-init.o)
 .ARM.attributes
                0x00000264       0x2d f:/stm_workbench/plugins/fr.ac6.mcu.externaltools.arm-none.win32_1.17.0.201812190825/tools/compiler/bin/../lib/gcc/arm-none-eabi/7.3.1/../../../../arm-none-eabi/lib/thumb/v7-m\libc_nano.a(lib_a-memset.o)
 .ARM.attributes
                0x00000291       0x1d f:/stm_workbench/plugins/fr.ac6.mcu.externaltools.arm-none.win32_1.17.0.201812190825/tools/compiler/bin/../lib/gcc/arm-none-eabi/7.3.1/thumb/v7-m/crtn.o
OUTPUT(flashTest.elf elf32-littlearm)

.debug_info     0x00000000     0x2e8a
 .debug_info    0x00000000      0x62a Core/Src/main.o
 .debug_info    0x0000062a      0x2ef Core/Src/stm32f1xx_hal_msp.o
 .debug_info    0x00000919      0x224 Core/Src/stm32f1xx_it.o
 .debug_info    0x00000b3d      0x2d9 Core/Src/system_stm32f1xx.o
 .debug_info    0x00000e16      0x846 Drivers/STM32F1xx_HAL_Driver/Src/stm32f1xx_hal.o
 .debug_info    0x0000165c      0xd21 Drivers/STM32F1xx_HAL_Driver/Src/stm32f1xx_hal_cortex.o
 .debug_info    0x0000237d      0xaeb Drivers/STM32F1xx_HAL_Driver/Src/stm32f1xx_hal_rcc.o
 .debug_info    0x00002e68       0x22 startup/startup_stm32f107xc.o

.debug_abbrev   0x00000000      0xc68
 .debug_abbrev  0x00000000      0x1db Core/Src/main.o
 .debug_abbrev  0x000001db      0x109 Core/Src/stm32f1xx_hal_msp.o
 .debug_abbrev  0x000002e4       0xe4 Core/Src/stm32f1xx_it.o
 .debug_abbrev  0x000003c8      0x12b Core/Src/system_stm32f1xx.o
 .debug_abbrev  0x000004f3      0x1ed Drivers/STM32F1xx_HAL_Driver/Src/stm32f1xx_hal.o
 .debug_abbrev  0x000006e0      0x303 Drivers/STM32F1xx_HAL_Driver/Src/stm32f1xx_hal_cortex.o
 .debug_abbrev  0x000009e3      0x273 Drivers/STM32F1xx_HAL_Driver/Src/stm32f1xx_hal_rcc.o
 .debug_abbrev  0x00000c56       0x12 startup/startup_stm32f107xc.o

.debug_loc      0x00000000      0xe2f
 .debug_loc     0x00000000       0x21 Core/Src/main.o
 .debug_loc     0x00000021      0x1c4 Core/Src/system_stm32f1xx.o
 .debug_loc     0x000001e5      0x11b Drivers/STM32F1xx_HAL_Driver/Src/stm32f1xx_hal.o
 .debug_loc     0x00000300      0x5ad Drivers/STM32F1xx_HAL_Driver/Src/stm32f1xx_hal_cortex.o
 .debug_loc     0x000008ad      0x582 Drivers/STM32F1xx_HAL_Driver/Src/stm32f1xx_hal_rcc.o

.debug_aranges  0x00000000      0x310
 .debug_aranges
                0x00000000       0x40 Core/Src/main.o
 .debug_aranges
                0x00000040       0x20 Core/Src/stm32f1xx_hal_msp.o
 .debug_aranges
                0x00000060       0x60 Core/Src/stm32f1xx_it.o
 .debug_aranges
                0x000000c0       0x28 Core/Src/system_stm32f1xx.o
 .debug_aranges
                0x000000e8       0xe0 Drivers/STM32F1xx_HAL_Driver/Src/stm32f1xx_hal.o
 .debug_aranges
                0x000001c8       0x90 Drivers/STM32F1xx_HAL_Driver/Src/stm32f1xx_hal_cortex.o
 .debug_aranges
                0x00000258       0x90 Drivers/STM32F1xx_HAL_Driver/Src/stm32f1xx_hal_rcc.o
 .debug_aranges
                0x000002e8       0x28 startup/startup_stm32f107xc.o

.debug_ranges   0x00000000      0x318
 .debug_ranges  0x00000000       0x30 Core/Src/main.o
 .debug_ranges  0x00000030       0x10 Core/Src/stm32f1xx_hal_msp.o
 .debug_ranges  0x00000040       0x50 Core/Src/stm32f1xx_it.o
 .debug_ranges  0x00000090       0x18 Core/Src/system_stm32f1xx.o
 .debug_ranges  0x000000a8       0xd0 Drivers/STM32F1xx_HAL_Driver/Src/stm32f1xx_hal.o
 .debug_ranges  0x00000178       0xe0 Drivers/STM32F1xx_HAL_Driver/Src/stm32f1xx_hal_cortex.o
 .debug_ranges  0x00000258       0xa0 Drivers/STM32F1xx_HAL_Driver/Src/stm32f1xx_hal_rcc.o
 .debug_ranges  0x000002f8       0x20 startup/startup_stm32f107xc.o

.debug_macro    0x00000000    0x1d733
 .debug_macro   0x00000000      0x1ac Core/Src/main.o
 .debug_macro   0x000001ac      0xa54 Core/Src/main.o
 .debug_macro   0x00000c00      0x20f Core/Src/main.o
 .debug_macro   0x00000e0f       0x2e Core/Src/main.o
 .debug_macro   0x00000e3d       0x22 Core/Src/main.o
 .debug_macro   0x00000e5f       0x22 Core/Src/main.o
 .debug_macro   0x00000e81       0x8e Core/Src/main.o
 .debug_macro   0x00000f0f       0x51 Core/Src/main.o
 .debug_macro   0x00000f60       0xef Core/Src/main.o
 .debug_macro   0x0000104f       0x6a Core/Src/main.o
 .debug_macro   0x000010b9      0x1df Core/Src/main.o
 .debug_macro   0x00001298       0x1c Core/Src/main.o
 .debug_macro   0x000012b4       0x22 Core/Src/main.o
 .debug_macro   0x000012d6       0xc3 Core/Src/main.o
 .debug_macro   0x00001399      0xd23 Core/Src/main.o
 .debug_macro   0x000020bc    0x15c52 Core/Src/main.o
 .debug_macro   0x00017d0e       0x43 Core/Src/main.o
 .debug_macro   0x00017d51     0x3468 Core/Src/main.o
 .debug_macro   0x0001b1b9      0x174 Core/Src/main.o
 .debug_macro   0x0001b32d       0x5c Core/Src/main.o
 .debug_macro   0x0001b389      0x5be Core/Src/main.o
 .debug_macro   0x0001b947      0x6b4 Core/Src/main.o
 .debug_macro   0x0001bffb      0x1cb Core/Src/main.o
 .debug_macro   0x0001c1c6      0x114 Core/Src/main.o
 .debug_macro   0x0001c2da      0x214 Core/Src/main.o
 .debug_macro   0x0001c4ee       0x27 Core/Src/main.o
 .debug_macro   0x0001c515      0x13c Core/Src/main.o
 .debug_macro   0x0001c651      0x1bc Core/Src/main.o
 .debug_macro   0x0001c80d       0x30 Core/Src/main.o
 .debug_macro   0x0001c83d       0x3c Core/Src/main.o
 .debug_macro   0x0001c879       0x57 Core/Src/main.o
 .debug_macro   0x0001c8d0       0x88 Core/Src/main.o
 .debug_macro   0x0001c958      0x24f Core/Src/main.o
 .debug_macro   0x0001cba7      0x141 Core/Src/main.o
 .debug_macro   0x0001cce8       0xdf Core/Src/main.o
 .debug_macro   0x0001cdc7      0x18e Core/Src/stm32f1xx_hal_msp.o
 .debug_macro   0x0001cf55      0x198 Core/Src/stm32f1xx_it.o
 .debug_macro   0x0001d0ed      0x184 Core/Src/system_stm32f1xx.o
 .debug_macro   0x0001d271      0x1a8 Drivers/STM32F1xx_HAL_Driver/Src/stm32f1xx_hal.o
 .debug_macro   0x0001d419      0x184 Drivers/STM32F1xx_HAL_Driver/Src/stm32f1xx_hal_cortex.o
 .debug_macro   0x0001d59d      0x196 Drivers/STM32F1xx_HAL_Driver/Src/stm32f1xx_hal_rcc.o

.debug_line     0x00000000     0x3819
 .debug_line    0x00000000      0x72f Core/Src/main.o
 .debug_line    0x0000072f      0x6cd Core/Src/stm32f1xx_hal_msp.o
 .debug_line    0x00000dfc      0x75c Core/Src/stm32f1xx_it.o
 .debug_line    0x00001558      0x700 Core/Src/system_stm32f1xx.o
 .debug_line    0x00001c58      0x8a2 Drivers/STM32F1xx_HAL_Driver/Src/stm32f1xx_hal.o
 .debug_line    0x000024fa      0x8af Drivers/STM32F1xx_HAL_Driver/Src/stm32f1xx_hal_cortex.o
 .debug_line    0x00002da9      0x9f1 Drivers/STM32F1xx_HAL_Driver/Src/stm32f1xx_hal_rcc.o
 .debug_line    0x0000379a       0x7f startup/startup_stm32f107xc.o

.debug_str      0x00000000    0xab514
 .debug_str     0x00000000    0xaa779 Core/Src/main.o
                              0xaaaca (size before relaxing)
 .debug_str     0x000aa779       0x5a Core/Src/stm32f1xx_hal_msp.o
                              0xaa769 (size before relaxing)
 .debug_str     0x000aa7d3       0xc9 Core/Src/stm32f1xx_it.o
                              0xaa784 (size before relaxing)
 .debug_str     0x000aa89c       0x85 Core/Src/system_stm32f1xx.o
                              0xaa783 (size before relaxing)
 .debug_str     0x000aa921      0x679 Drivers/STM32F1xx_HAL_Driver/Src/stm32f1xx_hal.o
                              0xaaf17 (size before relaxing)
 .debug_str     0x000aaf9a      0x2bb Drivers/STM32F1xx_HAL_Driver/Src/stm32f1xx_hal_cortex.o
                              0xaaecc (size before relaxing)
 .debug_str     0x000ab255      0x290 Drivers/STM32F1xx_HAL_Driver/Src/stm32f1xx_hal_rcc.o
                              0xaabe7 (size before relaxing)
 .debug_str     0x000ab4e5       0x2f startup/startup_stm32f107xc.o
                                 0x82 (size before relaxing)

.comment        0x00000000       0x7f
 .comment       0x00000000       0x7f Core/Src/main.o
                                 0x80 (size before relaxing)
 .comment       0x0000007f       0x80 Core/Src/stm32f1xx_hal_msp.o
 .comment       0x0000007f       0x80 Core/Src/stm32f1xx_it.o
 .comment       0x0000007f       0x80 Core/Src/system_stm32f1xx.o
 .comment       0x0000007f       0x80 Drivers/STM32F1xx_HAL_Driver/Src/stm32f1xx_hal.o
 .comment       0x0000007f       0x80 Drivers/STM32F1xx_HAL_Driver/Src/stm32f1xx_hal_cortex.o
 .comment       0x0000007f       0x80 Drivers/STM32F1xx_HAL_Driver/Src/stm32f1xx_hal_rcc.o

.debug_frame    0x00000000      0x6e0
 .debug_frame   0x00000000       0x8c Core/Src/main.o
 .debug_frame   0x0000008c       0x28 Core/Src/stm32f1xx_hal_msp.o
 .debug_frame   0x000000b4       0xa8 Core/Src/stm32f1xx_it.o
 .debug_frame   0x0000015c       0x3c Core/Src/system_stm32f1xx.o
 .debug_frame   0x00000198      0x1cc Drivers/STM32F1xx_HAL_Driver/Src/stm32f1xx_hal.o
 .debug_frame   0x00000364      0x12c Drivers/STM32F1xx_HAL_Driver/Src/stm32f1xx_hal_cortex.o
 .debug_frame   0x00000490      0x1a4 Drivers/STM32F1xx_HAL_Driver/Src/stm32f1xx_hal_rcc.o
 .debug_frame   0x00000634       0x2c f:/stm_workbench/plugins/fr.ac6.mcu.externaltools.arm-none.win32_1.17.0.201812190825/tools/compiler/bin/../lib/gcc/arm-none-eabi/7.3.1/thumb/v7-m\libgcc.a(_aeabi_uldivmod.o)
 .debug_frame   0x00000660       0x34 f:/stm_workbench/plugins/fr.ac6.mcu.externaltools.arm-none.win32_1.17.0.201812190825/tools/compiler/bin/../lib/gcc/arm-none-eabi/7.3.1/thumb/v7-m\libgcc.a(_udivmoddi4.o)
 .debug_frame   0x00000694       0x2c f:/stm_workbench/plugins/fr.ac6.mcu.externaltools.arm-none.win32_1.17.0.201812190825/tools/compiler/bin/../lib/gcc/arm-none-eabi/7.3.1/../../../../arm-none-eabi/lib/thumb/v7-m\libc_nano.a(lib_a-init.o)
 .debug_frame   0x000006c0       0x20 f:/stm_workbench/plugins/fr.ac6.mcu.externaltools.arm-none.win32_1.17.0.201812190825/tools/compiler/bin/../lib/gcc/arm-none-eabi/7.3.1/../../../../arm-none-eabi/lib/thumb/v7-m\libc_nano.a(lib_a-memset.o)
