Archive member included to satisfy reference by file (symbol)

g:/stm-workbench/plugins/fr.ac6.mcu.externaltools.arm-none.win32_1.17.0.201812190825/tools/compiler/bin/../lib/gcc/arm-none-eabi/7.3.1/thumb/v7e-m/fpv4-sp/hard\libgcc.a(_aeabi_uldivmod.o)
                              Drivers/STM32F4xx_HAL_Driver/Src/stm32f4xx_hal_rcc.o (__aeabi_uldivmod)
g:/stm-workbench/plugins/fr.ac6.mcu.externaltools.arm-none.win32_1.17.0.201812190825/tools/compiler/bin/../lib/gcc/arm-none-eabi/7.3.1/thumb/v7e-m/fpv4-sp/hard\libgcc.a(_udivmoddi4.o)
                              g:/stm-workbench/plugins/fr.ac6.mcu.externaltools.arm-none.win32_1.17.0.201812190825/tools/compiler/bin/../lib/gcc/arm-none-eabi/7.3.1/thumb/v7e-m/fpv4-sp/hard\libgcc.a(_aeabi_uldivmod.o) (__udivmoddi4)
g:/stm-workbench/plugins/fr.ac6.mcu.externaltools.arm-none.win32_1.17.0.201812190825/tools/compiler/bin/../lib/gcc/arm-none-eabi/7.3.1/thumb/v7e-m/fpv4-sp/hard\libgcc.a(_dvmd_tls.o)
                              g:/stm-workbench/plugins/fr.ac6.mcu.externaltools.arm-none.win32_1.17.0.201812190825/tools/compiler/bin/../lib/gcc/arm-none-eabi/7.3.1/thumb/v7e-m/fpv4-sp/hard\libgcc.a(_aeabi_uldivmod.o) (__aeabi_ldiv0)
g:/stm-workbench/plugins/fr.ac6.mcu.externaltools.arm-none.win32_1.17.0.201812190825/tools/compiler/bin/../lib/gcc/arm-none-eabi/7.3.1/../../../../arm-none-eabi/lib/thumb/v7e-m/fpv4-sp/hard\libc_nano.a(lib_a-errno.o)
                              Src/syscalls.o (__errno)
g:/stm-workbench/plugins/fr.ac6.mcu.externaltools.arm-none.win32_1.17.0.201812190825/tools/compiler/bin/../lib/gcc/arm-none-eabi/7.3.1/../../../../arm-none-eabi/lib/thumb/v7e-m/fpv4-sp/hard\libc_nano.a(lib_a-exit.o)
                              g:/stm-workbench/plugins/fr.ac6.mcu.externaltools.arm-none.win32_1.17.0.201812190825/tools/compiler/bin/../lib/gcc/arm-none-eabi/7.3.1/../../../../arm-none-eabi/lib/thumb/v7e-m/fpv4-sp/hard/crt0.o (exit)
g:/stm-workbench/plugins/fr.ac6.mcu.externaltools.arm-none.win32_1.17.0.201812190825/tools/compiler/bin/../lib/gcc/arm-none-eabi/7.3.1/../../../../arm-none-eabi/lib/thumb/v7e-m/fpv4-sp/hard\libc_nano.a(lib_a-impure.o)
                              g:/stm-workbench/plugins/fr.ac6.mcu.externaltools.arm-none.win32_1.17.0.201812190825/tools/compiler/bin/../lib/gcc/arm-none-eabi/7.3.1/../../../../arm-none-eabi/lib/thumb/v7e-m/fpv4-sp/hard\libc_nano.a(lib_a-exit.o) (_global_impure_ptr)
g:/stm-workbench/plugins/fr.ac6.mcu.externaltools.arm-none.win32_1.17.0.201812190825/tools/compiler/bin/../lib/gcc/arm-none-eabi/7.3.1/../../../../arm-none-eabi/lib/thumb/v7e-m/fpv4-sp/hard\libc_nano.a(lib_a-init.o)
                              g:/stm-workbench/plugins/fr.ac6.mcu.externaltools.arm-none.win32_1.17.0.201812190825/tools/compiler/bin/../lib/gcc/arm-none-eabi/7.3.1/../../../../arm-none-eabi/lib/thumb/v7e-m/fpv4-sp/hard/crt0.o (__libc_init_array)
g:/stm-workbench/plugins/fr.ac6.mcu.externaltools.arm-none.win32_1.17.0.201812190825/tools/compiler/bin/../lib/gcc/arm-none-eabi/7.3.1/../../../../arm-none-eabi/lib/thumb/v7e-m/fpv4-sp/hard\libc_nano.a(lib_a-memset.o)
                              g:/stm-workbench/plugins/fr.ac6.mcu.externaltools.arm-none.win32_1.17.0.201812190825/tools/compiler/bin/../lib/gcc/arm-none-eabi/7.3.1/../../../../arm-none-eabi/lib/thumb/v7e-m/fpv4-sp/hard/crt0.o (memset)
g:/stm-workbench/plugins/fr.ac6.mcu.externaltools.arm-none.win32_1.17.0.201812190825/tools/compiler/bin/../lib/gcc/arm-none-eabi/7.3.1/../../../../arm-none-eabi/lib/thumb/v7e-m/fpv4-sp/hard\libc_nano.a(lib_a-sprintf.o)
                              Src/main.o (sprintf)
g:/stm-workbench/plugins/fr.ac6.mcu.externaltools.arm-none.win32_1.17.0.201812190825/tools/compiler/bin/../lib/gcc/arm-none-eabi/7.3.1/../../../../arm-none-eabi/lib/thumb/v7e-m/fpv4-sp/hard\libc_nano.a(lib_a-strlen.o)
                              Src/COM.o (strlen)
g:/stm-workbench/plugins/fr.ac6.mcu.externaltools.arm-none.win32_1.17.0.201812190825/tools/compiler/bin/../lib/gcc/arm-none-eabi/7.3.1/../../../../arm-none-eabi/lib/thumb/v7e-m/fpv4-sp/hard\libc_nano.a(lib_a-nano-svfprintf.o)
                              g:/stm-workbench/plugins/fr.ac6.mcu.externaltools.arm-none.win32_1.17.0.201812190825/tools/compiler/bin/../lib/gcc/arm-none-eabi/7.3.1/../../../../arm-none-eabi/lib/thumb/v7e-m/fpv4-sp/hard\libc_nano.a(lib_a-sprintf.o) (_svfprintf_r)
g:/stm-workbench/plugins/fr.ac6.mcu.externaltools.arm-none.win32_1.17.0.201812190825/tools/compiler/bin/../lib/gcc/arm-none-eabi/7.3.1/../../../../arm-none-eabi/lib/thumb/v7e-m/fpv4-sp/hard\libc_nano.a(lib_a-nano-vfprintf_i.o)
                              g:/stm-workbench/plugins/fr.ac6.mcu.externaltools.arm-none.win32_1.17.0.201812190825/tools/compiler/bin/../lib/gcc/arm-none-eabi/7.3.1/../../../../arm-none-eabi/lib/thumb/v7e-m/fpv4-sp/hard\libc_nano.a(lib_a-nano-svfprintf.o) (_printf_i)
[...]
Memory Configuration

Name             Origin             Length             Attributes
RAM              0x20000000         0x00020000         xrw
CCMRAM           0x10000000         0x00010000         xrw
FLASH            0x08000000         0x00080000         xr
DATA             0x08040000         0x00002000         xrw
*default*        0x00000000         0xffffffff

Linker script and memory map

LOAD g:/stm-workbench/plugins/fr.ac6.mcu.externaltools.arm-none.win32_1.17.0.201812190825/tools/compiler/bin/../lib/gcc/arm-none-eabi/7.3.1/thumb/v7e-m/fpv4-sp/hard/crti.o
LOAD g:/stm-workbench/plugins/fr.ac6.mcu.externaltools.arm-none.win32_1.17.0.201812190825/tools/compiler/bin/../lib/gcc/arm-none-eabi/7.3.1/thumb/v7e-m/fpv4-sp/hard/crtbegin.o
LOAD g:/stm-workbench/plugins/fr.ac6.mcu.externaltools.arm-none.win32_1.17.0.201812190825/tools/compiler/bin/../lib/gcc/arm-none-eabi/7.3.1/../../../../arm-none-eabi/lib/thumb/v7e-m/fpv4-sp/hard/crt0.o
LOAD Drivers/STM32F4xx_HAL_Driver/Src/stm32f4xx_hal.o
LOAD Drivers/STM32F4xx_HAL_Driver/Src/stm32f4xx_hal_cortex.o
LOAD Drivers/STM32F4xx_HAL_Driver/Src/stm32f4xx_hal_dma.o
LOAD Drivers/STM32F4xx_HAL_Driver/Src/stm32f4xx_hal_dma_ex.o
LOAD Drivers/STM32F4xx_HAL_Driver/Src/stm32f4xx_hal_exti.o
LOAD Drivers/STM32F4xx_HAL_Driver/Src/stm32f4xx_hal_flash.o
LOAD Drivers/STM32F4xx_HAL_Driver/Src/stm32f4xx_hal_flash_ex.o
LOAD Drivers/STM32F4xx_HAL_Driver/Src/stm32f4xx_hal_flash_ramfunc.o
LOAD Drivers/STM32F4xx_HAL_Driver/Src/stm32f4xx_hal_gpio.o
LOAD Drivers/STM32F4xx_HAL_Driver/Src/stm32f4xx_hal_pwr.o
LOAD Drivers/STM32F4xx_HAL_Driver/Src/stm32f4xx_hal_pwr_ex.o
LOAD Drivers/STM32F4xx_HAL_Driver/Src/stm32f4xx_hal_rcc.o
LOAD Drivers/STM32F4xx_HAL_Driver/Src/stm32f4xx_hal_rcc_ex.o
LOAD Drivers/STM32F4xx_HAL_Driver/Src/stm32f4xx_hal_rng.o
LOAD Drivers/STM32F4xx_HAL_Driver/Src/stm32f4xx_hal_spi.o
LOAD Drivers/STM32F4xx_HAL_Driver/Src/stm32f4xx_hal_tim.o
LOAD Drivers/STM32F4xx_HAL_Driver/Src/stm32f4xx_hal_tim_ex.o
LOAD Drivers/STM32F4xx_HAL_Driver/Src/stm32f4xx_hal_uart.o
LOAD Src/COM.o
LOAD Src/FLASH_SECTOR.o
LOAD Src/buttons.o
LOAD Src/gfx.o
LOAD Src/main.o
LOAD Src/menu.o
LOAD Src/motor.o
LOAD Src/rng.o
LOAD Src/ssd1351.o
LOAD Src/stm32f4xx_hal_msp.o
LOAD Src/stm32f4xx_it.o
LOAD Src/syscalls.o
LOAD Src/system_stm32f4xx.o
LOAD Src/tlc5971.o
LOAD startup/startup_stm32f407xx.o
LOAD g:/stm-workbench/plugins/fr.ac6.mcu.externaltools.arm-none.win32_1.17.0.201812190825/tools/compiler/bin/../lib/gcc/arm-none-eabi/7.3.1/../../../../arm-none-eabi/lib/thumb/v7e-m/fpv4-sp/hard\libm.a
START GROUP
LOAD g:/stm-workbench/plugins/fr.ac6.mcu.externaltools.arm-none.win32_1.17.0.201812190825/tools/compiler/bin/../lib/gcc/arm-none-eabi/7.3.1/thumb/v7e-m/fpv4-sp/hard\libgcc.a
LOAD g:/stm-workbench/plugins/fr.ac6.mcu.externaltools.arm-none.win32_1.17.0.201812190825/tools/compiler/bin/../lib/gcc/arm-none-eabi/7.3.1/../../../../arm-none-eabi/lib/thumb/v7e-m/fpv4-sp/hard\libc_nano.a
END GROUP
START GROUP
LOAD g:/stm-workbench/plugins/fr.ac6.mcu.externaltools.arm-none.win32_1.17.0.201812190825/tools/compiler/bin/../lib/gcc/arm-none-eabi/7.3.1/thumb/v7e-m/fpv4-sp/hard\libgcc.a
LOAD g:/stm-workbench/plugins/fr.ac6.mcu.externaltools.arm-none.win32_1.17.0.201812190825/tools/compiler/bin/../lib/gcc/arm-none-eabi/7.3.1/../../../../arm-none-eabi/lib/thumb/v7e-m/fpv4-sp/hard\libc_nano.a
LOAD g:/stm-workbench/plugins/fr.ac6.mcu.externaltools.arm-none.win32_1.17.0.201812190825/tools/compiler/bin/../lib/gcc/arm-none-eabi/7.3.1/../../../../arm-none-eabi/lib/thumb/v7e-m/fpv4-sp/hard\libnosys.a
END GROUP
START GROUP
LOAD g:/stm-workbench/plugins/fr.ac6.mcu.externaltools.arm-none.win32_1.17.0.201812190825/tools/compiler/bin/../lib/gcc/arm-none-eabi/7.3.1/thumb/v7e-m/fpv4-sp/hard\libgcc.a
LOAD g:/stm-workbench/plugins/fr.ac6.mcu.externaltools.arm-none.win32_1.17.0.201812190825/tools/compiler/bin/../lib/gcc/arm-none-eabi/7.3.1/../../../../arm-none-eabi/lib/thumb/v7e-m/fpv4-sp/hard\libc_nano.a
LOAD g:/stm-workbench/plugins/fr.ac6.mcu.externaltools.arm-none.win32_1.17.0.201812190825/tools/compiler/bin/../lib/gcc/arm-none-eabi/7.3.1/../../../../arm-none-eabi/lib/thumb/v7e-m/fpv4-sp/hard\libnosys.a
END GROUP
LOAD g:/stm-workbench/plugins/fr.ac6.mcu.externaltools.arm-none.win32_1.17.0.201812190825/tools/compiler/bin/../lib/gcc/arm-none-eabi/7.3.1/thumb/v7e-m/fpv4-sp/hard/crtend.o
LOAD g:/stm-workbench/plugins/fr.ac6.mcu.externaltools.arm-none.win32_1.17.0.201812190825/tools/compiler/bin/../lib/gcc/arm-none-eabi/7.3.1/thumb/v7e-m/fpv4-sp/hard/crtn.o
                0x20020000                _estack = 0x20020000
                0x00000200                _Min_Heap_Size = 0x200
                0x00000400                _Min_Stack_Size = 0x400

.user_data      0x08040000        0x0
                0x08040000                . = ALIGN (0x4)
 *(.user_data)
                0x08040000                . = ALIGN (0x4)

.isr_vector     0x08000000      0x188
                0x08000000                . = ALIGN (0x4)
 *(.isr_vector)
 .isr_vector    0x08000000      0x188 startup/startup_stm32f407xx.o
                0x08000000                g_pfnVectors
                0x08000188                . = ALIGN (0x4)

.text           0x08000190     0x5018
                0x08000190                . = ALIGN (0x4)
 *(.text)
 .text          0x08000190       0x40 g:/stm-workbench/plugins/fr.ac6.mcu.externaltools.arm-none.win32_1.17.0.201812190825/tools/compiler/bin/../lib/gcc/arm-none-eabi/7.3.1/thumb/v7e-m/fpv4-sp/hard/crtbegin.o
 .text          0x080001d0       0x30 g:/stm-workbench/plugins/fr.ac6.mcu.externaltools.arm-none.win32_1.17.0.201812190825/tools/compiler/bin/../lib/gcc/arm-none-eabi/7.3.1/thumb/v7e-m/fpv4-sp/hard\libgcc.a(_aeabi_uldivmod.o)
                0x080001d0                __aeabi_uldivmod
 .text          0x08000200      0x2cc g:/stm-workbench/plugins/fr.ac6.mcu.externaltools.arm-none.win32_1.17.0.201812190825/tools/compiler/bin/../lib/gcc/arm-none-eabi/7.3.1/thumb/v7e-m/fpv4-sp/hard\libgcc.a(_udivmoddi4.o)
                0x08000200                __udivmoddi4
 .text          0x080004cc        0x4 g:/stm-workbench/plugins/fr.ac6.mcu.externaltools.arm-none.win32_1.17.0.201812190825/tools/compiler/bin/../lib/gcc/arm-none-eabi/7.3.1/thumb/v7e-m/fpv4-sp/hard\libgcc.a(_dvmd_tls.o)
                0x080004cc                __aeabi_idiv0
                0x080004cc                __aeabi_ldiv0
 .text          0x080004d0       0x10 g:/stm-workbench/plugins/fr.ac6.mcu.externaltools.arm-none.win32_1.17.0.201812190825/tools/compiler/bin/../lib/gcc/arm-none-eabi/7.3.1/../../../../arm-none-eabi/lib/thumb/v7e-m/fpv4-sp/hard\libc_nano.a(lib_a-strlen.o)
                0x080004d0                strlen
 .text          0x080004e0       0xa0 g:/stm-workbench/plugins/fr.ac6.mcu.externaltools.arm-none.win32_1.17.0.201812190825/tools/compiler/bin/../lib/gcc/arm-none-eabi/7.3.1/../../../../arm-none-eabi/lib/thumb/v7e-m/fpv4-sp/hard\libc_nano.a(lib_a-memchr.o)
                0x080004e0                memchr
 *(.text*)
 .text.HAL_InitTick
                0x08000580       0x48 Drivers/STM32F4xx_HAL_Driver/Src/stm32f4xx_hal.o
                0x08000580                HAL_InitTick
 .text.HAL_Init
                0x080005c8       0x34 Drivers/STM32F4xx_HAL_Driver/Src/stm32f4xx_hal.o
                0x080005c8                HAL_Init
 .text.HAL_IncTick
                0x080005fc       0x18 Drivers/STM32F4xx_HAL_Driver/Src/stm32f4xx_hal.o
                0x080005fc                HAL_IncTick
 .text.HAL_GetTick
                0x08000614        0xc Drivers/STM32F4xx_HAL_Driver/Src/stm32f4xx_hal.o
                0x08000614                HAL_GetTick
 .text.HAL_Delay
                0x08000620       0x28 Drivers/STM32F4xx_HAL_Driver/Src/stm32f4xx_hal.o
                0x08000620                HAL_Delay
 .text.HAL_NVIC_SetPriorityGrouping
                0x08000648       0x24 Drivers/STM32F4xx_HAL_Driver/Src/stm32f4xx_hal_cortex.o
                0x08000648                HAL_NVIC_SetPriorityGrouping
 .text.HAL_NVIC_SetPriority
                0x0800066c       0x68 Drivers/STM32F4xx_HAL_Driver/Src/stm32f4xx_hal_cortex.o
                0x0800066c                HAL_NVIC_SetPriority
 .text.HAL_NVIC_EnableIRQ
                0x080006d4       0x1c Drivers/STM32F4xx_HAL_Driver/Src/stm32f4xx_hal_cortex.o
                0x080006d4                HAL_NVIC_EnableIRQ
 .text.HAL_SYSTICK_Config
                0x080006f0       0x2c Drivers/STM32F4xx_HAL_Driver/Src/stm32f4xx_hal_cortex.o
                0x080006f0                HAL_SYSTICK_Config
 .text.HAL_DMA_Abort_IT
                0x0800071c       0x26 Drivers/STM32F4xx_HAL_Driver/Src/stm32f4xx_hal_dma.o
                0x0800071c                HAL_DMA_Abort_IT
 *fill*         0x08000742        0x2 
 .text.HAL_GPIO_Init
                0x08000744      0x1c8 Drivers/STM32F4xx_HAL_Driver/Src/stm32f4xx_hal_gpio.o
                0x08000744                HAL_GPIO_Init
 .text.HAL_GPIO_ReadPin
                0x0800090c        0xe Drivers/STM32F4xx_HAL_Driver/Src/stm32f4xx_hal_gpio.o
                0x0800090c                HAL_GPIO_ReadPin
 .text.HAL_GPIO_WritePin
                0x0800091a        0xc Drivers/STM32F4xx_HAL_Driver/Src/stm32f4xx_hal_gpio.o
                0x0800091a                HAL_GPIO_WritePin
 *fill*         0x08000926        0x2 
 .text.HAL_RCC_OscConfig
                0x08000928      0x3ec Drivers/STM32F4xx_HAL_Driver/Src/stm32f4xx_hal_rcc.o
                0x08000928                HAL_RCC_OscConfig
 .text.HAL_RCC_MCOConfig
                0x08000d14       0x9c Drivers/STM32F4xx_HAL_Driver/Src/stm32f4xx_hal_rcc.o
                0x08000d14                HAL_RCC_MCOConfig
 .text.HAL_RCC_GetSysClockFreq
                0x08000db0       0xa8 Drivers/STM32F4xx_HAL_Driver/Src/stm32f4xx_hal_rcc.o
                0x08000db0                HAL_RCC_GetSysClockFreq
 .text.HAL_RCC_ClockConfig
                0x08000e58      0x160 Drivers/STM32F4xx_HAL_Driver/Src/stm32f4xx_hal_rcc.o
                0x08000e58                HAL_RCC_ClockConfig
 .text.HAL_RCC_GetHCLKFreq
                0x08000fb8        0xc Drivers/STM32F4xx_HAL_Driver/Src/stm32f4xx_hal_rcc.o
                0x08000fb8                HAL_RCC_GetHCLKFreq
 .text.HAL_RCC_GetPCLK1Freq
                0x08000fc4       0x20 Drivers/STM32F4xx_HAL_Driver/Src/stm32f4xx_hal_rcc.o
                0x08000fc4                HAL_RCC_GetPCLK1Freq
 .text.HAL_RCC_GetPCLK2Freq
                0x08000fe4       0x20 Drivers/STM32F4xx_HAL_Driver/Src/stm32f4xx_hal_rcc.o
                0x08000fe4                HAL_RCC_GetPCLK2Freq
 .text.HAL_RNG_Init
                0x08001004       0x2e Drivers/STM32F4xx_HAL_Driver/Src/stm32f4xx_hal_rng.o
                0x08001004                HAL_RNG_Init
 .text.HAL_RNG_GenerateRandomNumber
                0x08001032       0x62 Drivers/STM32F4xx_HAL_Driver/Src/stm32f4xx_hal_rng.o
                0x08001032                HAL_RNG_GenerateRandomNumber
 .text.SPI_WaitFlagStateUntilTimeout
                0x08001094       0x90 Drivers/STM32F4xx_HAL_Driver/Src/stm32f4xx_hal_spi.o
 .text.SPI_EndRxTxTransaction
                0x08001124       0x68 Drivers/STM32F4xx_HAL_Driver/Src/stm32f4xx_hal_spi.o
 .text.HAL_SPI_Init
                0x0800118c       0x80 Drivers/STM32F4xx_HAL_Driver/Src/stm32f4xx_hal_spi.o
                0x0800118c                HAL_SPI_Init
 .text.HAL_SPI_Transmit
                0x0800120c      0x19a Drivers/STM32F4xx_HAL_Driver/Src/stm32f4xx_hal_spi.o
                0x0800120c                HAL_SPI_Transmit
 *fill*         0x080013a6        0x2 
 .text.TIM_OC1_SetConfig
                0x080013a8       0x68 Drivers/STM32F4xx_HAL_Driver/Src/stm32f4xx_hal_tim.o
 .text.TIM_OC3_SetConfig
                0x08001410       0x70 Drivers/STM32F4xx_HAL_Driver/Src/stm32f4xx_hal_tim.o
 .text.TIM_OC4_SetConfig
                0x08001480       0x50 Drivers/STM32F4xx_HAL_Driver/Src/stm32f4xx_hal_tim.o
 .text.TIM_TI1_ConfigInputStage
                0x080014d0       0x26 Drivers/STM32F4xx_HAL_Driver/Src/stm32f4xx_hal_tim.o
 .text.TIM_TI2_ConfigInputStage
                0x080014f6       0x28 Drivers/STM32F4xx_HAL_Driver/Src/stm32f4xx_hal_tim.o
 .text.TIM_ITRx_SetConfig
                0x0800151e       0x10 Drivers/STM32F4xx_HAL_Driver/Src/stm32f4xx_hal_tim.o
 .text.HAL_TIM_PWM_MspInit
                0x0800152e        0x2 Drivers/STM32F4xx_HAL_Driver/Src/stm32f4xx_hal_tim.o
                0x0800152e                HAL_TIM_PWM_MspInit
 .text.TIM_Base_SetConfig
                0x08001530       0xc8 Drivers/STM32F4xx_HAL_Driver/Src/stm32f4xx_hal_tim.o
                0x08001530                TIM_Base_SetConfig
 .text.HAL_TIM_Base_Init
                0x080015f8       0x32 Drivers/STM32F4xx_HAL_Driver/Src/stm32f4xx_hal_tim.o
                0x080015f8                HAL_TIM_Base_Init
 .text.HAL_TIM_PWM_Init
                0x0800162a       0x32 Drivers/STM32F4xx_HAL_Driver/Src/stm32f4xx_hal_tim.o
                0x0800162a                HAL_TIM_PWM_Init
 .text.TIM_OC2_SetConfig
                0x0800165c       0x70 Drivers/STM32F4xx_HAL_Driver/Src/stm32f4xx_hal_tim.o
                0x0800165c                TIM_OC2_SetConfig
 .text.HAL_TIM_PWM_ConfigChannel
                0x080016cc       0xdc Drivers/STM32F4xx_HAL_Driver/Src/stm32f4xx_hal_tim.o
                0x080016cc                HAL_TIM_PWM_ConfigChannel
 .text.TIM_ETR_SetConfig
                0x080017a8       0x18 Drivers/STM32F4xx_HAL_Driver/Src/stm32f4xx_hal_tim.o
                0x080017a8                TIM_ETR_SetConfig
 .text.HAL_TIM_ConfigClockSource
                0x080017c0       0xda Drivers/STM32F4xx_HAL_Driver/Src/stm32f4xx_hal_tim.o
                0x080017c0                HAL_TIM_ConfigClockSource
 .text.TIM_CCxChannelCmd
                0x0800189a       0x22 Drivers/STM32F4xx_HAL_Driver/Src/stm32f4xx_hal_tim.o
                0x0800189a                TIM_CCxChannelCmd
 .text.HAL_TIM_PWM_Start
                0x080018bc       0x40 Drivers/STM32F4xx_HAL_Driver/Src/stm32f4xx_hal_tim.o
                0x080018bc                HAL_TIM_PWM_Start
 .text.HAL_TIMEx_MasterConfigSynchronization
                0x080018fc       0x88 Drivers/STM32F4xx_HAL_Driver/Src/stm32f4xx_hal_tim_ex.o
                0x080018fc                HAL_TIMEx_MasterConfigSynchronization
 .text.HAL_TIMEx_ConfigBreakDeadTime
                0x08001984       0x52 Drivers/STM32F4xx_HAL_Driver/Src/stm32f4xx_hal_tim_ex.o
                0x08001984                HAL_TIMEx_ConfigBreakDeadTime
 .text.UART_EndRxTransfer
                0x080019d6       0x1c Drivers/STM32F4xx_HAL_Driver/Src/stm32f4xx_hal_uart.o
 .text.UART_Transmit_IT
                0x080019f2       0x68 Drivers/STM32F4xx_HAL_Driver/Src/stm32f4xx_hal_uart.o
 *fill*         0x08001a5a        0x2 
 .text.UART_SetConfig
                0x08001a5c      0x218 Drivers/STM32F4xx_HAL_Driver/Src/stm32f4xx_hal_uart.o
 .text.UART_WaitOnFlagUntilTimeout
                0x08001c74       0x62 Drivers/STM32F4xx_HAL_Driver/Src/stm32f4xx_hal_uart.o
 .text.HAL_UART_Init
                0x08001cd6       0x5e Drivers/STM32F4xx_HAL_Driver/Src/stm32f4xx_hal_uart.o
                0x08001cd6                HAL_UART_Init
 .text.HAL_UART_Transmit
                0x08001d34       0xe2 Drivers/STM32F4xx_HAL_Driver/Src/stm32f4xx_hal_uart.o
                0x08001d34                HAL_UART_Transmit
 .text.HAL_UART_TxCpltCallback
                0x08001e16        0x2 Drivers/STM32F4xx_HAL_Driver/Src/stm32f4xx_hal_uart.o
                0x08001e16                HAL_UART_TxCpltCallback
 .text.UART_EndTransmit_IT
                0x08001e18       0x1a Drivers/STM32F4xx_HAL_Driver/Src/stm32f4xx_hal_uart.o
 .text.HAL_UART_RxCpltCallback
                0x08001e32        0x2 Drivers/STM32F4xx_HAL_Driver/Src/stm32f4xx_hal_uart.o
                0x08001e32                HAL_UART_RxCpltCallback
 .text.UART_Receive_IT
                0x08001e34       0x9c Drivers/STM32F4xx_HAL_Driver/Src/stm32f4xx_hal_uart.o
 .text.HAL_UART_ErrorCallback
                0x08001ed0        0x2 Drivers/STM32F4xx_HAL_Driver/Src/stm32f4xx_hal_uart.o
                0x08001ed0                HAL_UART_ErrorCallback
 *fill*         0x08001ed2        0x2 
 .text.HAL_UART_IRQHandler
                0x08001ed4      0x128 Drivers/STM32F4xx_HAL_Driver/Src/stm32f4xx_hal_uart.o
                0x08001ed4                HAL_UART_IRQHandler
 .text.UART_DMAAbortOnError
                0x08001ffc       0x10 Drivers/STM32F4xx_HAL_Driver/Src/stm32f4xx_hal_uart.o
 .text.COM_TX   0x0800200c       0x1c Src/COM.o
                0x0800200c                COM_TX
 .text.ReadButtons
                0x08002028       0x98 Src/buttons.o
                0x08002028                ReadButtons
 .text.ReadJogpad
                0x080020c0      0x13c Src/buttons.o
                0x080020c0                ReadJogpad
 .text.send_full_screen
                0x080021fc        0x8 Src/gfx.o
                0x080021fc                send_full_screen
 .text.blankscreen
                0x08002204       0xd0 Src/gfx.o
                0x08002204                blankscreen
 .text.plot_dot_xy_extern
                0x080022d4       0x9c Src/gfx.o
                0x080022d4                plot_dot_xy_extern
 .text.filled_rect_xy_ab
                0x08002370      0x100 Src/gfx.o
                0x08002370                filled_rect_xy_ab
 .text.charxy   0x08002470      0x2e4 Src/gfx.o
                0x08002470                charxy
 .text.stringxy
                0x08002754       0x52 Src/gfx.o
                0x08002754                stringxy
 *fill*         0x080027a6        0x2 
 .text.pin_cs   0x080027a8       0x14 Src/main.o
                0x080027a8                pin_cs
 .text.pin_dc   0x080027bc       0x14 Src/main.o
                0x080027bc                pin_dc
 .text.pin_rs   0x080027d0       0x14 Src/main.o
                0x080027d0                pin_rs
 .text.user_delay_ms
                0x080027e4        0x8 Src/main.o
                0x080027e4                user_delay_ms
 .text.MX_GPIO_Init
                0x080027ec      0x1dc Src/main.o
 .text.MX_RNG_Init
                0x080029c8       0x18 Src/main.o
 .text.MX_SPI1_Init
                0x080029e0       0x40 Src/main.o
 .text.MX_TIM1_Init
                0x08002a20       0xac Src/main.o
 .text.MX_TIM4_Init
                0x08002acc       0x84 Src/main.o
 .text.MX_USART1_UART_Init
                0x08002b50       0x2c Src/main.o
 .text.MX_NVIC_Init
                0x08002b7c       0x14 Src/main.o
 .text.transmit_data
                0x08002b90       0x18 Src/main.o
                0x08002b90                transmit_data
 .text.SystemClock_Config
                0x08002ba8       0xa8 Src/main.o
                0x08002ba8                SystemClock_Config
 .text.main     0x08002c50      0x71c Src/main.o
                0x08002c50                main
 .text.Menu_Flags
                0x0800336c       0x7c Src/menu.o
                0x0800336c                Menu_Flags
 .text.drawButton
                0x080033e8       0x8c Src/menu.o
                0x080033e8                drawButton
 .text.drawText
                0x08003474       0xcc Src/menu.o
                0x08003474                drawText
 .text.setButton
                0x08003540       0xbc Src/menu.o
                0x08003540                setButton
 .text.drawMenu
                0x080035fc       0x50 Src/menu.o
                0x080035fc                drawMenu
 .text.show_QRCODE
                0x0800364c       0x68 Src/menu.o
                0x0800364c                show_QRCODE
 .text.show_LOGO
                0x080036b4       0x50 Src/menu.o
                0x080036b4                show_LOGO
 .text.show_Mix
                0x08003704       0x40 Src/menu.o
                0x08003704                show_Mix
 .text.show_INFO
                0x08003744       0x94 Src/menu.o
                0x08003744                show_INFO
 .text.show_Ready
                0x080037d8       0x40 Src/menu.o
                0x080037d8                show_Ready
 .text.SetMenu  0x08003818       0x7c Src/menu.o
                0x08003818                SetMenu
 .text.MenuGoto
                0x08003894      0x1e8 Src/menu.o
                0x08003894                MenuGoto
 .text.Button_manager
                0x08003a7c       0xf8 Src/menu.o
                0x08003a7c                Button_manager
 .text.Servo_init
                0x08003b74       0x18 Src/motor.o
                0x08003b74                Servo_init
 .text.Servo_open
                0x08003b8c       0x10 Src/motor.o
                0x08003b8c                Servo_open
 .text.Servo_close
                0x08003b9c       0x10 Src/motor.o
                0x08003b9c                Servo_close
 .text.Stepper_Init
                0x08003bac       0x34 Src/motor.o
                0x08003bac                Stepper_Init
 .text.Stepper_Deinit
                0x08003be0       0x34 Src/motor.o
                0x08003be0                Stepper_Deinit
 .text.Stepper_Step
                0x08003c14       0x30 Src/motor.o
                0x08003c14                Stepper_Step
 .text.Stepper_Dir
                0x08003c44       0x2c Src/motor.o
                0x08003c44                Stepper_Dir
 .text.Stepper_StepSize
                0x08003c70       0x70 Src/motor.o
                0x08003c70                Stepper_StepSize
 .text.Stepper_GOHOME
                0x08003ce0       0x48 Src/motor.o
                0x08003ce0                Stepper_GOHOME
 .text.Stepper_Goto
                0x08003d28       0xec Src/motor.o
                0x08003d28                Stepper_Goto
 .text.StepperGetMagnet
                0x08003e14       0x24 Src/motor.o
                0x08003e14                StepperGetMagnet
 .text.GenerateRandomNumber
                0x08003e38       0x50 Src/rng.o
                0x08003e38                GenerateRandomNumber
 .text.RNG_Prepare
                0x08003e88       0x9c Src/rng.o
                0x08003e88                RNG_Prepare
 .text.send_command
                0x08003f24       0x38 Src/ssd1351.o
                0x08003f24                send_command
 .text.send_data
                0x08003f5c       0x30 Src/ssd1351.o
                0x08003f5c                send_data
 .text.send_sth
                0x08003f8c       0x38 Src/ssd1351.o
                0x08003f8c                send_sth
 .text.set_cursor_std
                0x08003fc4       0x3c Src/ssd1351.o
                0x08003fc4                set_cursor_std
 .text.init_oled
                0x08004000       0xd8 Src/ssd1351.o
                0x08004000                init_oled
 .text.HAL_MspInit
                0x080040d8       0x38 Src/stm32f4xx_hal_msp.o
                0x080040d8                HAL_MspInit
 .text.HAL_RNG_MspInit
                0x08004110       0x30 Src/stm32f4xx_hal_msp.o
                0x08004110                HAL_RNG_MspInit
 .text.HAL_SPI_MspInit
                0x08004140       0x70 Src/stm32f4xx_hal_msp.o
                0x08004140                HAL_SPI_MspInit
 .text.HAL_TIM_Base_MspInit
                0x080041b0       0x54 Src/stm32f4xx_hal_msp.o
                0x080041b0                HAL_TIM_Base_MspInit
 .text.HAL_TIM_MspPostInit
                0x08004204       0x9c Src/stm32f4xx_hal_msp.o
                0x08004204                HAL_TIM_MspPostInit
 .text.HAL_UART_MspInit
                0x080042a0       0x70 Src/stm32f4xx_hal_msp.o
                0x080042a0                HAL_UART_MspInit
 .text.NMI_Handler
                0x08004310        0x2 Src/stm32f4xx_it.o
                0x08004310                NMI_Handler
 .text.HardFault_Handler
                0x08004312        0x2 Src/stm32f4xx_it.o
                0x08004312                HardFault_Handler
 .text.MemManage_Handler
                0x08004314        0x2 Src/stm32f4xx_it.o
                0x08004314                MemManage_Handler
 .text.BusFault_Handler
                0x08004316        0x2 Src/stm32f4xx_it.o
                0x08004316                BusFault_Handler
 .text.UsageFault_Handler
                0x08004318        0x2 Src/stm32f4xx_it.o
                0x08004318                UsageFault_Handler
 .text.SVC_Handler
                0x0800431a        0x2 Src/stm32f4xx_it.o
                0x0800431a                SVC_Handler
 .text.DebugMon_Handler
                0x0800431c        0x2 Src/stm32f4xx_it.o
                0x0800431c                DebugMon_Handler
 .text.PendSV_Handler
                0x0800431e        0x2 Src/stm32f4xx_it.o
                0x0800431e                PendSV_Handler
 .text.SysTick_Handler
                0x08004320        0x8 Src/stm32f4xx_it.o
                0x08004320                SysTick_Handler
 .text.USART1_IRQHandler
                0x08004328       0x10 Src/stm32f4xx_it.o
                0x08004328                USART1_IRQHandler
 .text._sbrk    0x08004338       0x3c Src/syscalls.o
                0x08004338                _sbrk
 .text.SystemInit
                0x08004374       0x1c Src/system_stm32f4xx.o
                0x08004374                SystemInit
 .text.RGB_setLED
                0x08004390      0x3ec Src/tlc5971.o
                0x08004390                RGB_setLED
 .text.RGB_setBC
                0x0800477c       0xc0 Src/tlc5971.o
                0x0800477c                RGB_setBC
 .text.RGB_Setup
                0x0800483c        0xe Src/tlc5971.o
                0x0800483c                RGB_Setup
 *fill*         0x0800484a        0x2 
 .text.LEDC_CLKPuls
                0x0800484c       0x34 Src/tlc5971.o
                0x0800484c                LEDC_CLKPuls
 .text.RGB_SHOW
                0x08004880       0x28 Src/tlc5971.o
                0x08004880                RGB_SHOW
 .text.magnet   0x080048a8       0x24 Src/tlc5971.o
                0x080048a8                magnet
 .text.Reset_Handler
                0x080048cc       0x50 startup/startup_stm32f407xx.o
                0x080048cc                Reset_Handler
 .text.Default_Handler
                0x0800491c        0x2 startup/startup_stm32f407xx.o
                0x0800491c                RTC_Alarm_IRQHandler
                0x0800491c                HASH_RNG_IRQHandler
                0x0800491c                EXTI2_IRQHandler
                0x0800491c                TIM8_CC_IRQHandler
                0x0800491c                TIM1_CC_IRQHandler
                0x0800491c                DMA2_Stream5_IRQHandler
                0x0800491c                DMA1_Stream5_IRQHandler
                0x0800491c                PVD_IRQHandler
                0x0800491c                SDIO_IRQHandler
                0x0800491c                TAMP_STAMP_IRQHandler
                0x0800491c                CAN2_RX1_IRQHandler
                0x0800491c                EXTI3_IRQHandler
                0x0800491c                TIM8_TRG_COM_TIM14_IRQHandler
                0x0800491c                TIM1_UP_TIM10_IRQHandler
                0x0800491c                TIM8_UP_TIM13_IRQHandler
                0x0800491c                I2C3_ER_IRQHandler
                0x0800491c                EXTI0_IRQHandler
                0x0800491c                I2C2_EV_IRQHandler
                0x0800491c                DMA1_Stream2_IRQHandler
                0x0800491c                CAN1_RX0_IRQHandler
                0x0800491c                FPU_IRQHandler
                0x0800491c                OTG_HS_WKUP_IRQHandler
                0x0800491c                CAN2_SCE_IRQHandler
                0x0800491c                DMA2_Stream2_IRQHandler
                0x0800491c                SPI1_IRQHandler
                0x0800491c                TIM6_DAC_IRQHandler
                0x0800491c                TIM1_BRK_TIM9_IRQHandler
                0x0800491c                DCMI_IRQHandler
                0x0800491c                CAN2_RX0_IRQHandler
                0x0800491c                DMA2_Stream3_IRQHandler
                0x0800491c                USART6_IRQHandler
                0x0800491c                USART3_IRQHandler
                0x0800491c                CAN1_RX1_IRQHandler
                0x0800491c                UART5_IRQHandler
                0x0800491c                DMA2_Stream0_IRQHandler
                0x0800491c                TIM4_IRQHandler
                0x0800491c                I2C1_EV_IRQHandler
                0x0800491c                DMA1_Stream6_IRQHandler
                0x0800491c                DMA1_Stream1_IRQHandler
                0x0800491c                UART4_IRQHandler
                0x0800491c                TIM3_IRQHandler
                0x0800491c                RCC_IRQHandler
                0x0800491c                TIM8_BRK_TIM12_IRQHandler
                0x0800491c                Default_Handler
                0x0800491c                EXTI15_10_IRQHandler
                0x0800491c                ADC_IRQHandler
                0x0800491c                DMA1_Stream7_IRQHandler
                0x0800491c                TIM7_IRQHandler
                0x0800491c                CAN2_TX_IRQHandler
                0x0800491c                TIM5_IRQHandler
                0x0800491c                DMA2_Stream7_IRQHandler
                0x0800491c                I2C3_EV_IRQHandler
                0x0800491c                EXTI9_5_IRQHandler
                0x0800491c                RTC_WKUP_IRQHandler
                0x0800491c                ETH_WKUP_IRQHandler
                0x0800491c                SPI2_IRQHandler
                0x0800491c                OTG_HS_EP1_IN_IRQHandler
                0x0800491c                DMA1_Stream0_IRQHandler
                0x0800491c                CAN1_TX_IRQHandler
                0x0800491c                EXTI4_IRQHandler
                0x0800491c                FSMC_IRQHandler
                0x0800491c                ETH_IRQHandler
                0x0800491c                OTG_HS_EP1_OUT_IRQHandler
                0x0800491c                WWDG_IRQHandler
                0x0800491c                TIM2_IRQHandler
                0x0800491c                OTG_FS_WKUP_IRQHandler
                0x0800491c                TIM1_TRG_COM_TIM11_IRQHandler
                0x0800491c                OTG_HS_IRQHandler
                0x0800491c                EXTI1_IRQHandler
                0x0800491c                USART2_IRQHandler
                0x0800491c                I2C2_ER_IRQHandler
                0x0800491c                DMA2_Stream1_IRQHandler
                0x0800491c                CAN1_SCE_IRQHandler
                0x0800491c                FLASH_IRQHandler
                0x0800491c                DMA2_Stream4_IRQHandler
                0x0800491c                OTG_FS_IRQHandler
                0x0800491c                SPI3_IRQHandler
                0x0800491c                DMA1_Stream4_IRQHandler
                0x0800491c                I2C1_ER_IRQHandler
                0x0800491c                DMA2_Stream6_IRQHandler
                0x0800491c                DMA1_Stream3_IRQHandler
 *fill*         0x0800491e        0x2 
 .text.__errno  0x08004920        0xc g:/stm-workbench/plugins/fr.ac6.mcu.externaltools.arm-none.win32_1.17.0.201812190825/tools/compiler/bin/../lib/gcc/arm-none-eabi/7.3.1/../../../../arm-none-eabi/lib/thumb/v7e-m/fpv4-sp/hard\libc_nano.a(lib_a-errno.o)
                0x08004920                __errno
 .text.__libc_init_array
                0x0800492c       0x48 g:/stm-workbench/plugins/fr.ac6.mcu.externaltools.arm-none.win32_1.17.0.201812190825/tools/compiler/bin/../lib/gcc/arm-none-eabi/7.3.1/../../../../arm-none-eabi/lib/thumb/v7e-m/fpv4-sp/hard\libc_nano.a(lib_a-init.o)
                0x0800492c                __libc_init_array
 .text.memset   0x08004974       0x10 g:/stm-workbench/plugins/fr.ac6.mcu.externaltools.arm-none.win32_1.17.0.201812190825/tools/compiler/bin/../lib/gcc/arm-none-eabi/7.3.1/../../../../arm-none-eabi/lib/thumb/v7e-m/fpv4-sp/hard\libc_nano.a(lib_a-memset.o)
                0x08004974                memset
 .text.sprintf  0x08004984       0x40 g:/stm-workbench/plugins/fr.ac6.mcu.externaltools.arm-none.win32_1.17.0.201812190825/tools/compiler/bin/../lib/gcc/arm-none-eabi/7.3.1/../../../../arm-none-eabi/lib/thumb/v7e-m/fpv4-sp/hard\libc_nano.a(lib_a-sprintf.o)
                0x08004984                siprintf
                0x08004984                sprintf
 .text.__ssputs_r
                0x080049c4       0xb4 g:/stm-workbench/plugins/fr.ac6.mcu.externaltools.arm-none.win32_1.17.0.201812190825/tools/compiler/bin/../lib/gcc/arm-none-eabi/7.3.1/../../../../arm-none-eabi/lib/thumb/v7e-m/fpv4-sp/hard\libc_nano.a(lib_a-nano-svfprintf.o)
                0x080049c4                __ssputs_r
 .text._svfprintf_r
                0x08004a78      0x1f0 g:/stm-workbench/plugins/fr.ac6.mcu.externaltools.arm-none.win32_1.17.0.201812190825/tools/compiler/bin/../lib/gcc/arm-none-eabi/7.3.1/../../../../arm-none-eabi/lib/thumb/v7e-m/fpv4-sp/hard\libc_nano.a(lib_a-nano-svfprintf.o)
                0x08004a78                _svfiprintf_r
                0x08004a78                _svfprintf_r
 .text._printf_common
                0x08004c68       0xea g:/stm-workbench/plugins/fr.ac6.mcu.externaltools.arm-none.win32_1.17.0.201812190825/tools/compiler/bin/../lib/gcc/arm-none-eabi/7.3.1/../../../../arm-none-eabi/lib/thumb/v7e-m/fpv4-sp/hard\libc_nano.a(lib_a-nano-vfprintf_i.o)
                0x08004c68                _printf_common
 *fill*         0x08004d52        0x2 
 .text._printf_i
                0x08004d54      0x224 g:/stm-workbench/plugins/fr.ac6.mcu.externaltools.arm-none.win32_1.17.0.201812190825/tools/compiler/bin/../lib/gcc/arm-none-eabi/7.3.1/../../../../arm-none-eabi/lib/thumb/v7e-m/fpv4-sp/hard\libc_nano.a(lib_a-nano-vfprintf_i.o)
                0x08004d54                _printf_i
 .text.memcpy   0x08004f78       0x16 g:/stm-workbench/plugins/fr.ac6.mcu.externaltools.arm-none.win32_1.17.0.201812190825/tools/compiler/bin/../lib/gcc/arm-none-eabi/7.3.1/../../../../arm-none-eabi/lib/thumb/v7e-m/fpv4-sp/hard\libc_nano.a(lib_a-memcpy-stub.o)
                0x08004f78                memcpy
 .text.memmove  0x08004f8e       0x32 g:/stm-workbench/plugins/fr.ac6.mcu.externaltools.arm-none.win32_1.17.0.201812190825/tools/compiler/bin/../lib/gcc/arm-none-eabi/7.3.1/../../../../arm-none-eabi/lib/thumb/v7e-m/fpv4-sp/hard\libc_nano.a(lib_a-memmove.o)
                0x08004f8e                memmove
 .text._free_r  0x08004fc0       0x9c g:/stm-workbench/plugins/fr.ac6.mcu.externaltools.arm-none.win32_1.17.0.201812190825/tools/compiler/bin/../lib/gcc/arm-none-eabi/7.3.1/../../../../arm-none-eabi/lib/thumb/v7e-m/fpv4-sp/hard\libc_nano.a(lib_a-nano-freer.o)
                0x08004fc0                _free_r
 .text._malloc_r
                0x0800505c       0xb4 g:/stm-workbench/plugins/fr.ac6.mcu.externaltools.arm-none.win32_1.17.0.201812190825/tools/compiler/bin/../lib/gcc/arm-none-eabi/7.3.1/../../../../arm-none-eabi/lib/thumb/v7e-m/fpv4-sp/hard\libc_nano.a(lib_a-nano-mallocr.o)
                0x0800505c                _malloc_r
 .text._realloc_r
                0x08005110       0x4c g:/stm-workbench/plugins/fr.ac6.mcu.externaltools.arm-none.win32_1.17.0.201812190825/tools/compiler/bin/../lib/gcc/arm-none-eabi/7.3.1/../../../../arm-none-eabi/lib/thumb/v7e-m/fpv4-sp/hard\libc_nano.a(lib_a-nano-reallocr.o)
                0x08005110                _realloc_r
 .text._sbrk_r  0x0800515c       0x20 g:/stm-workbench/plugins/fr.ac6.mcu.externaltools.arm-none.win32_1.17.0.201812190825/tools/compiler/bin/../lib/gcc/arm-none-eabi/7.3.1/../../../../arm-none-eabi/lib/thumb/v7e-m/fpv4-sp/hard\libc_nano.a(lib_a-sbrkr.o)
                0x0800515c                _sbrk_r
 .text.__malloc_lock
                0x0800517c        0x2 g:/stm-workbench/plugins/fr.ac6.mcu.externaltools.arm-none.win32_1.17.0.201812190825/tools/compiler/bin/../lib/gcc/arm-none-eabi/7.3.1/../../../../arm-none-eabi/lib/thumb/v7e-m/fpv4-sp/hard\libc_nano.a(lib_a-mlock.o)
                0x0800517c                __malloc_lock
 .text.__malloc_unlock
                0x0800517e        0x2 g:/stm-workbench/plugins/fr.ac6.mcu.externaltools.arm-none.win32_1.17.0.201812190825/tools/compiler/bin/../lib/gcc/arm-none-eabi/7.3.1/../../../../arm-none-eabi/lib/thumb/v7e-m/fpv4-sp/hard\libc_nano.a(lib_a-mlock.o)
                0x0800517e                __malloc_unlock
 .text._malloc_usable_size_r
                0x08005180       0x10 g:/stm-workbench/plugins/fr.ac6.mcu.externaltools.arm-none.win32_1.17.0.201812190825/tools/compiler/bin/../lib/gcc/arm-none-eabi/7.3.1/../../../../arm-none-eabi/lib/thumb/v7e-m/fpv4-sp/hard\libc_nano.a(lib_a-nano-msizer.o)
                0x08005180                _malloc_usable_size_r
 *(.glue_7)
 .glue_7        0x08005190        0x0 linker stubs
 *(.glue_7t)
 .glue_7t       0x08005190        0x0 linker stubs
 *(.eh_frame)
 .eh_frame      0x08005190        0x0 g:/stm-workbench/plugins/fr.ac6.mcu.externaltools.arm-none.win32_1.17.0.201812190825/tools/compiler/bin/../lib/gcc/arm-none-eabi/7.3.1/thumb/v7e-m/fpv4-sp/hard/crtbegin.o
 *(.init)
 .init          0x08005190        0x4 g:/stm-workbench/plugins/fr.ac6.mcu.externaltools.arm-none.win32_1.17.0.201812190825/tools/compiler/bin/../lib/gcc/arm-none-eabi/7.3.1/thumb/v7e-m/fpv4-sp/hard/crti.o
                0x08005190                _init
 .init          0x08005194        0x8 g:/stm-workbench/plugins/fr.ac6.mcu.externaltools.arm-none.win32_1.17.0.201812190825/tools/compiler/bin/../lib/gcc/arm-none-eabi/7.3.1/thumb/v7e-m/fpv4-sp/hard/crtn.o
 *(.fini)
 .fini          0x0800519c        0x4 g:/stm-workbench/plugins/fr.ac6.mcu.externaltools.arm-none.win32_1.17.0.201812190825/tools/compiler/bin/../lib/gcc/arm-none-eabi/7.3.1/thumb/v7e-m/fpv4-sp/hard/crti.o
                0x0800519c                _fini
 .fini          0x080051a0        0x8 g:/stm-workbench/plugins/fr.ac6.mcu.externaltools.arm-none.win32_1.17.0.201812190825/tools/compiler/bin/../lib/gcc/arm-none-eabi/7.3.1/thumb/v7e-m/fpv4-sp/hard/crtn.o
                0x080051a8                . = ALIGN (0x4)
                0x080051a8                _etext = .

.vfp11_veneer   0x080051a8        0x0
 .vfp11_veneer  0x080051a8        0x0 linker stubs

.v4_bx          0x080051a8        0x0
 .v4_bx         0x080051a8        0x0 linker stubs

.iplt           0x080051a8        0x0
 .iplt          0x080051a8        0x0 g:/stm-workbench/plugins/fr.ac6.mcu.externaltools.arm-none.win32_1.17.0.201812190825/tools/compiler/bin/../lib/gcc/arm-none-eabi/7.3.1/thumb/v7e-m/fpv4-sp/hard/crtbegin.o

.rodata         0x080051a8     0x5b20
                0x080051a8                . = ALIGN (0x4)
 *(.rodata)
 .rodata        0x080051a8     0x2838 Src/gfx.o
                0x080051a8                chars_all
 .rodata        0x080079e0     0x3134 Src/menu.o
                0x080079e0                QR_CODE_GITHUB
                0x08007c54                LOGO
                0x080098d4                menu
 .rodata        0x0800ab14       0x18 Src/system_stm32f4xx.o
                0x0800ab14                AHBPrescTable
                0x0800ab24                APBPrescTable
 *(.rodata*)
 .rodata.str1.4
                0x0800ab2c       0x57 Src/main.o
                                 0x5b (size before relaxing)
 *fill*         0x0800ab83        0x1 
 .rodata.str1.4
                0x0800ab84       0xeb Src/menu.o
                                 0xf3 (size before relaxing)
 *fill*         0x0800ac6f        0x1 
 .rodata.str1.4
                0x0800ac70       0x24 Src/rng.o
                                 0x26 (size before relaxing)
 .rodata._svfprintf_r.str1.1
                0x0800ac94       0x11 g:/stm-workbench/plugins/fr.ac6.mcu.externaltools.arm-none.win32_1.17.0.201812190825/tools/compiler/bin/../lib/gcc/arm-none-eabi/7.3.1/../../../../arm-none-eabi/lib/thumb/v7e-m/fpv4-sp/hard\libc_nano.a(lib_a-nano-svfprintf.o)
 .rodata._printf_i.str1.1
                0x0800aca5       0x22 g:/stm-workbench/plugins/fr.ac6.mcu.externaltools.arm-none.win32_1.17.0.201812190825/tools/compiler/bin/../lib/gcc/arm-none-eabi/7.3.1/../../../../arm-none-eabi/lib/thumb/v7e-m/fpv4-sp/hard\libc_nano.a(lib_a-nano-vfprintf_i.o)
                0x0800acc8                . = ALIGN (0x4)
 *fill*         0x0800acc7        0x1 

.ARM.extab
 *(.ARM.extab* .gnu.linkonce.armextab.*)

.ARM            0x0800acc8        0x8
                0x0800acc8                __exidx_start = .
 *(.ARM.exidx*)
 .ARM.exidx     0x0800acc8        0x8 g:/stm-workbench/plugins/fr.ac6.mcu.externaltools.arm-none.win32_1.17.0.201812190825/tools/compiler/bin/../lib/gcc/arm-none-eabi/7.3.1/thumb/v7e-m/fpv4-sp/hard\libgcc.a(_udivmoddi4.o)
                0x0800acd0                __exidx_end = .

.rel.dyn        0x0800acd0        0x0
 .rel.iplt      0x0800acd0        0x0 g:/stm-workbench/plugins/fr.ac6.mcu.externaltools.arm-none.win32_1.17.0.201812190825/tools/compiler/bin/../lib/gcc/arm-none-eabi/7.3.1/thumb/v7e-m/fpv4-sp/hard/crtbegin.o

.preinit_array  0x0800acd0        0x0
                0x0800acd0                PROVIDE (__preinit_array_start = .)
 *(.preinit_array*)
                0x0800acd0                PROVIDE (__preinit_array_end = .)

.init_array     0x0800acd0        0x4
                0x0800acd0                PROVIDE (__init_array_start = .)
 *(SORT_BY_NAME(.init_array.*))
 *(.init_array*)
 .init_array    0x0800acd0        0x4 g:/stm-workbench/plugins/fr.ac6.mcu.externaltools.arm-none.win32_1.17.0.201812190825/tools/compiler/bin/../lib/gcc/arm-none-eabi/7.3.1/thumb/v7e-m/fpv4-sp/hard/crtbegin.o
                0x0800acd4                PROVIDE (__init_array_end = .)

.fini_array     0x0800acd4        0x4
                [!provide]                PROVIDE (__fini_array_start = .)
 *(SORT_BY_NAME(.fini_array.*))
 *(.fini_array*)
 .fini_array    0x0800acd4        0x4 g:/stm-workbench/plugins/fr.ac6.mcu.externaltools.arm-none.win32_1.17.0.201812190825/tools/compiler/bin/../lib/gcc/arm-none-eabi/7.3.1/thumb/v7e-m/fpv4-sp/hard/crtbegin.o
                [!provide]                PROVIDE (__fini_array_end = .)
                0x0800acd8                _sidata = LOADADDR (.data)

.data           0x20000000      0x2f8 load address 0x0800acd8
                0x20000000                . = ALIGN (0x4)
                0x20000000                _sdata = .
 *(.data)
 .data          0x20000000        0x8 Drivers/STM32F4xx_HAL_Driver/Src/stm32f4xx_hal.o
                0x20000000                uwTickFreq
                0x20000004                uwTickPrio
 .data          0x20000008       0xb8 Src/gfx.o
                0x20000008                colors
                0x20000024                char_A
 .data          0x200000c0       0x10 Src/ssd1351.o
                0x200000c0                commands
 .data          0x200000d0        0x4 Src/system_stm32f4xx.o
                0x200000d0                SystemCoreClock
 .data          0x200000d4      0x1c0 Src/tlc5971.o
                0x200000d4                RGB_DATA
 *(.data*)
 .data._impure_ptr
                0x20000294        0x4 g:/stm-workbench/plugins/fr.ac6.mcu.externaltools.arm-none.win32_1.17.0.201812190825/tools/compiler/bin/../lib/gcc/arm-none-eabi/7.3.1/../../../../arm-none-eabi/lib/thumb/v7e-m/fpv4-sp/hard\libc_nano.a(lib_a-impure.o)
                0x20000294                _impure_ptr
 .data.impure_data
                0x20000298       0x60 g:/stm-workbench/plugins/fr.ac6.mcu.externaltools.arm-none.win32_1.17.0.201812190825/tools/compiler/bin/../lib/gcc/arm-none-eabi/7.3.1/../../../../arm-none-eabi/lib/thumb/v7e-m/fpv4-sp/hard\libc_nano.a(lib_a-impure.o)
                0x200002f8                . = ALIGN (0x4)
                0x200002f8                _edata = .
                0x0800afd0                _siccmram = LOADADDR (.ccmram)

.igot.plt       0x200002f8        0x0 load address 0x0800afd0
 .igot.plt      0x200002f8        0x0 g:/stm-workbench/plugins/fr.ac6.mcu.externaltools.arm-none.win32_1.17.0.201812190825/tools/compiler/bin/../lib/gcc/arm-none-eabi/7.3.1/thumb/v7e-m/fpv4-sp/hard/crtbegin.o

.ccmram         0x10000000        0x0 load address 0x0800afd0
                0x10000000                . = ALIGN (0x4)
                0x10000000                _sccmram = .
 *(.ccmram)
 *(.ccmram*)
                0x10000000                . = ALIGN (0x4)
                0x10000000                _eccmram = .
                0x10000000                . = ALIGN (0x4)

.bss            0x200002f8      0x1d8
                0x200002f8                _sbss = .
                0x200002f8                __bss_start__ = _sbss
 *(.bss)
 .bss           0x200002f8       0x1c g:/stm-workbench/plugins/fr.ac6.mcu.externaltools.arm-none.win32_1.17.0.201812190825/tools/compiler/bin/../lib/gcc/arm-none-eabi/7.3.1/thumb/v7e-m/fpv4-sp/hard/crtbegin.o
 .bss           0x20000314        0x5 Src/buttons.o
 *fill*         0x20000319        0x3 
 .bss           0x2000031c       0x10 Src/menu.o
                0x20000326                ACTIVE_MENU
                0x20000328                oldx
                0x20000329                oldy
                0x2000032a                x
                0x2000032b                y
 .bss           0x2000032c        0x8 Src/syscalls.o
                0x20000330                __env
 *(.bss*)
 .bss.__malloc_free_list
                0x20000334        0x4 g:/stm-workbench/plugins/fr.ac6.mcu.externaltools.arm-none.win32_1.17.0.201812190825/tools/compiler/bin/../lib/gcc/arm-none-eabi/7.3.1/../../../../arm-none-eabi/lib/thumb/v7e-m/fpv4-sp/hard\libc_nano.a(lib_a-nano-mallocr.o)
                0x20000334                __malloc_free_list
 .bss.__malloc_sbrk_start
                0x20000338        0x4 g:/stm-workbench/plugins/fr.ac6.mcu.externaltools.arm-none.win32_1.17.0.201812190825/tools/compiler/bin/../lib/gcc/arm-none-eabi/7.3.1/../../../../arm-none-eabi/lib/thumb/v7e-m/fpv4-sp/hard\libc_nano.a(lib_a-nano-mallocr.o)
                0x20000338                __malloc_sbrk_start
 *(COMMON)
 COMMON         0x2000033c        0x4 Drivers/STM32F4xx_HAL_Driver/Src/stm32f4xx_hal.o
                0x2000033c                uwTick
 COMMON         0x20000340      0x150 Src/main.o
                0x20000340                htim4
                0x20000380                string
                0x200003a8                huart1
                0x200003e8                htim1
                0x20000428                hrng
                0x20000438                hspi1
 COMMON         0x20000490        0x1 Src/motor.o
                0x20000490                position
 *fill*         0x20000491        0x3 
 COMMON         0x20000494       0x32 Src/rng.o
                0x20000494                string_buffer
 *fill*         0x200004c6        0x2 
 COMMON         0x200004c8        0x4 Src/ssd1351.o
                0x200004c8                fnptr_glob
 COMMON         0x200004cc        0x4 g:/stm-workbench/plugins/fr.ac6.mcu.externaltools.arm-none.win32_1.17.0.201812190825/tools/compiler/bin/../lib/gcc/arm-none-eabi/7.3.1/../../../../arm-none-eabi/lib/thumb/v7e-m/fpv4-sp/hard\libc_nano.a(lib_a-reent.o)
                0x200004cc                errno
                0x200004d0                . = ALIGN (0x4)
                0x200004d0                _ebss = .
                0x200004d0                __bss_end__ = _ebss

._user_heap_stack
                0x200004d0      0x600
                0x200004d0                . = ALIGN (0x8)
                0x200004d0                PROVIDE (end = .)
                [!provide]                PROVIDE (_end = .)
                0x200006d0                . = (. + _Min_Heap_Size)
 *fill*         0x200004d0      0x200 
                0x20000ad0                . = (. + _Min_Stack_Size)
 *fill*         0x200006d0      0x400 
                0x20000ad0                . = ALIGN (0x8)

/DISCARD/
 libc.a(*)
 libm.a(*)
 libgcc.a(*)

.ARM.attributes
                0x00000000       0x30
 *(.ARM.attributes)
 .ARM.attributes
                0x00000000       0x22 g:/stm-workbench/plugins/fr.ac6.mcu.externaltools.arm-none.win32_1.17.0.201812190825/tools/compiler/bin/../lib/gcc/arm-none-eabi/7.3.1/thumb/v7e-m/fpv4-sp/hard/crti.o
 .ARM.attributes
                0x00000022       0x34 g:/stm-workbench/plugins/fr.ac6.mcu.externaltools.arm-none.win32_1.17.0.201812190825/tools/compiler/bin/../lib/gcc/arm-none-eabi/7.3.1/thumb/v7e-m/fpv4-sp/hard/crtbegin.o
 .ARM.attributes
                0x00000056       0x39 Drivers/STM32F4xx_HAL_Driver/Src/stm32f4xx_hal.o
 .ARM.attributes
                0x0000008f       0x39 Drivers/STM32F4xx_HAL_Driver/Src/stm32f4xx_hal_cortex.o
 .ARM.attributes
                0x000000c8       0x39 Drivers/STM32F4xx_HAL_Driver/Src/stm32f4xx_hal_dma.o
 .ARM.attributes
                0x00000101       0x39 Drivers/STM32F4xx_HAL_Driver/Src/stm32f4xx_hal_gpio.o
 .ARM.attributes
                0x0000013a       0x39 Drivers/STM32F4xx_HAL_Driver/Src/stm32f4xx_hal_rcc.o
 .ARM.attributes
                0x00000173       0x39 Drivers/STM32F4xx_HAL_Driver/Src/stm32f4xx_hal_rng.o
 .ARM.attributes
                0x000001ac       0x39 Drivers/STM32F4xx_HAL_Driver/Src/stm32f4xx_hal_spi.o
 .ARM.attributes
                0x000001e5       0x39 Drivers/STM32F4xx_HAL_Driver/Src/stm32f4xx_hal_tim.o
 .ARM.attributes
                0x0000021e       0x39 Drivers/STM32F4xx_HAL_Driver/Src/stm32f4xx_hal_tim_ex.o
 .ARM.attributes
                0x00000257       0x39 Drivers/STM32F4xx_HAL_Driver/Src/stm32f4xx_hal_uart.o
 .ARM.attributes
                0x00000290       0x39 Src/COM.o
 .ARM.attributes
                0x000002c9       0x39 Src/buttons.o
 .ARM.attributes
                0x00000302       0x39 Src/gfx.o
 .ARM.attributes
                0x0000033b       0x39 Src/main.o
 .ARM.attributes
                0x00000374       0x39 Src/menu.o
 .ARM.attributes
                0x000003ad       0x39 Src/motor.o
 .ARM.attributes
                0x000003e6       0x39 Src/rng.o
 .ARM.attributes
                0x0000041f       0x39 Src/ssd1351.o
 .ARM.attributes
                0x00000458       0x39 Src/stm32f4xx_hal_msp.o
 .ARM.attributes
                0x00000491       0x39 Src/stm32f4xx_it.o
 .ARM.attributes
                0x000004ca       0x39 Src/syscalls.o
 .ARM.attributes
                0x00000503       0x39 Src/system_stm32f4xx.o
 .ARM.attributes
                0x0000053c       0x39 Src/tlc5971.o
 .ARM.attributes
                0x00000575       0x21 startup/startup_stm32f407xx.o
 .ARM.attributes
                0x00000596       0x22 g:/stm-workbench/plugins/fr.ac6.mcu.externaltools.arm-none.win32_1.17.0.201812190825/tools/compiler/bin/../lib/gcc/arm-none-eabi/7.3.1/thumb/v7e-m/fpv4-sp/hard\libgcc.a(_aeabi_uldivmod.o)
 .ARM.attributes
                0x000005b8       0x34 g:/stm-workbench/plugins/fr.ac6.mcu.externaltools.arm-none.win32_1.17.0.201812190825/tools/compiler/bin/../lib/gcc/arm-none-eabi/7.3.1/thumb/v7e-m/fpv4-sp/hard\libgcc.a(_udivmoddi4.o)
 .ARM.attributes
                0x000005ec       0x22 g:/stm-workbench/plugins/fr.ac6.mcu.externaltools.arm-none.win32_1.17.0.201812190825/tools/compiler/bin/../lib/gcc/arm-none-eabi/7.3.1/thumb/v7e-m/fpv4-sp/hard\libgcc.a(_dvmd_tls.o)
 .ARM.attributes
                0x0000060e       0x34 g:/stm-workbench/plugins/fr.ac6.mcu.externaltools.arm-none.win32_1.17.0.201812190825/tools/compiler/bin/../lib/gcc/arm-none-eabi/7.3.1/../../../../arm-none-eabi/lib/thumb/v7e-m/fpv4-sp/hard\libc_nano.a(lib_a-errno.o)
 .ARM.attributes
                0x00000642       0x34 g:/stm-workbench/plugins/fr.ac6.mcu.externaltools.arm-none.win32_1.17.0.201812190825/tools/compiler/bin/../lib/gcc/arm-none-eabi/7.3.1/../../../../arm-none-eabi/lib/thumb/v7e-m/fpv4-sp/hard\libc_nano.a(lib_a-impure.o)
 .ARM.attributes
                0x00000676       0x34 g:/stm-workbench/plugins/fr.ac6.mcu.externaltools.arm-none.win32_1.17.0.201812190825/tools/compiler/bin/../lib/gcc/arm-none-eabi/7.3.1/../../../../arm-none-eabi/lib/thumb/v7e-m/fpv4-sp/hard\libc_nano.a(lib_a-init.o)
 .ARM.attributes
                0x000006aa       0x34 g:/stm-workbench/plugins/fr.ac6.mcu.externaltools.arm-none.win32_1.17.0.201812190825/tools/compiler/bin/../lib/gcc/arm-none-eabi/7.3.1/../../../../arm-none-eabi/lib/thumb/v7e-m/fpv4-sp/hard\libc_nano.a(lib_a-memset.o)
 .ARM.attributes
                0x000006de       0x34 g:/stm-workbench/plugins/fr.ac6.mcu.externaltools.arm-none.win32_1.17.0.201812190825/tools/compiler/bin/../lib/gcc/arm-none-eabi/7.3.1/../../../../arm-none-eabi/lib/thumb/v7e-m/fpv4-sp/hard\libc_nano.a(lib_a-sprintf.o)
 .ARM.attributes
                0x00000712       0x1b g:/stm-workbench/plugins/fr.ac6.mcu.externaltools.arm-none.win32_1.17.0.201812190825/tools/compiler/bin/../lib/gcc/arm-none-eabi/7.3.1/../../../../arm-none-eabi/lib/thumb/v7e-m/fpv4-sp/hard\libc_nano.a(lib_a-strlen.o)
 .ARM.attributes
                0x0000072d       0x34 g:/stm-workbench/plugins/fr.ac6.mcu.externaltools.arm-none.win32_1.17.0.201812190825/tools/compiler/bin/../lib/gcc/arm-none-eabi/7.3.1/../../../../arm-none-eabi/lib/thumb/v7e-m/fpv4-sp/hard\libc_nano.a(lib_a-nano-svfprintf.o)
 .ARM.attributes
                0x00000761       0x34 g:/stm-workbench/plugins/fr.ac6.mcu.externaltools.arm-none.win32_1.17.0.201812190825/tools/compiler/bin/../lib/gcc/arm-none-eabi/7.3.1/../../../../arm-none-eabi/lib/thumb/v7e-m/fpv4-sp/hard\libc_nano.a(lib_a-nano-vfprintf_i.o)
 .ARM.attributes
                0x00000795       0x20 g:/stm-workbench/plugins/fr.ac6.mcu.externaltools.arm-none.win32_1.17.0.201812190825/tools/compiler/bin/../lib/gcc/arm-none-eabi/7.3.1/../../../../arm-none-eabi/lib/thumb/v7e-m/fpv4-sp/hard\libc_nano.a(lib_a-memchr.o)
 .ARM.attributes
                0x000007b5       0x34 g:/stm-workbench/plugins/fr.ac6.mcu.externaltools.arm-none.win32_1.17.0.201812190825/tools/compiler/bin/../lib/gcc/arm-none-eabi/7.3.1/../../../../arm-none-eabi/lib/thumb/v7e-m/fpv4-sp/hard\libc_nano.a(lib_a-memcpy-stub.o)
 .ARM.attributes
                0x000007e9       0x34 g:/stm-workbench/plugins/fr.ac6.mcu.externaltools.arm-none.win32_1.17.0.201812190825/tools/compiler/bin/../lib/gcc/arm-none-eabi/7.3.1/../../../../arm-none-eabi/lib/thumb/v7e-m/fpv4-sp/hard\libc_nano.a(lib_a-memmove.o)
 .ARM.attributes
                0x0000081d       0x34 g:/stm-workbench/plugins/fr.ac6.mcu.externaltools.arm-none.win32_1.17.0.201812190825/tools/compiler/bin/../lib/gcc/arm-none-eabi/7.3.1/../../../../arm-none-eabi/lib/thumb/v7e-m/fpv4-sp/hard\libc_nano.a(lib_a-nano-freer.o)
 .ARM.attributes
                0x00000851       0x34 g:/stm-workbench/plugins/fr.ac6.mcu.externaltools.arm-none.win32_1.17.0.201812190825/tools/compiler/bin/../lib/gcc/arm-none-eabi/7.3.1/../../../../arm-none-eabi/lib/thumb/v7e-m/fpv4-sp/hard\libc_nano.a(lib_a-nano-mallocr.o)
 .ARM.attributes
                0x00000885       0x34 g:/stm-workbench/plugins/fr.ac6.mcu.externaltools.arm-none.win32_1.17.0.201812190825/tools/compiler/bin/../lib/gcc/arm-none-eabi/7.3.1/../../../../arm-none-eabi/lib/thumb/v7e-m/fpv4-sp/hard\libc_nano.a(lib_a-nano-reallocr.o)
 .ARM.attributes
                0x000008b9       0x34 g:/stm-workbench/plugins/fr.ac6.mcu.externaltools.arm-none.win32_1.17.0.201812190825/tools/compiler/bin/../lib/gcc/arm-none-eabi/7.3.1/../../../../arm-none-eabi/lib/thumb/v7e-m/fpv4-sp/hard\libc_nano.a(lib_a-sbrkr.o)
 .ARM.attributes
                0x000008ed       0x34 g:/stm-workbench/plugins/fr.ac6.mcu.externaltools.arm-none.win32_1.17.0.201812190825/tools/compiler/bin/../lib/gcc/arm-none-eabi/7.3.1/../../../../arm-none-eabi/lib/thumb/v7e-m/fpv4-sp/hard\libc_nano.a(lib_a-mlock.o)
 .ARM.attributes
                0x00000921       0x34 g:/stm-workbench/plugins/fr.ac6.mcu.externaltools.arm-none.win32_1.17.0.201812190825/tools/compiler/bin/../lib/gcc/arm-none-eabi/7.3.1/../../../../arm-none-eabi/lib/thumb/v7e-m/fpv4-sp/hard\libc_nano.a(lib_a-nano-msizer.o)
 .ARM.attributes
                0x00000955       0x34 g:/stm-workbench/plugins/fr.ac6.mcu.externaltools.arm-none.win32_1.17.0.201812190825/tools/compiler/bin/../lib/gcc/arm-none-eabi/7.3.1/../../../../arm-none-eabi/lib/thumb/v7e-m/fpv4-sp/hard\libc_nano.a(lib_a-reent.o)
 .ARM.attributes
                0x00000989       0x22 g:/stm-workbench/plugins/fr.ac6.mcu.externaltools.arm-none.win32_1.17.0.201812190825/tools/compiler/bin/../lib/gcc/arm-none-eabi/7.3.1/thumb/v7e-m/fpv4-sp/hard/crtn.o
OUTPUT(v1.elf elf32-littlearm)

.debug_info     0x00000000    0x19822
 .debug_info    0x00000000      0x9f1 Drivers/STM32F4xx_HAL_Driver/Src/stm32f4xx_hal.o
 .debug_info    0x000009f1      0xf8c Drivers/STM32F4xx_HAL_Driver/Src/stm32f4xx_hal_cortex.o
 .debug_info    0x0000197d      0xaad Drivers/STM32F4xx_HAL_Driver/Src/stm32f4xx_hal_dma.o
 .debug_info    0x0000242a      0x7c2 Drivers/STM32F4xx_HAL_Driver/Src/stm32f4xx_hal_gpio.o
 .debug_info    0x00002bec      0xa94 Drivers/STM32F4xx_HAL_Driver/Src/stm32f4xx_hal_rcc.o
 .debug_info    0x00003680      0x5d8 Drivers/STM32F4xx_HAL_Driver/Src/stm32f4xx_hal_rng.o
 .debug_info    0x00003c58     0x1bfb Drivers/STM32F4xx_HAL_Driver/Src/stm32f4xx_hal_spi.o
 .debug_info    0x00005853     0x31db Drivers/STM32F4xx_HAL_Driver/Src/stm32f4xx_hal_tim.o
 .debug_info    0x00008a2e     0x14e9 Drivers/STM32F4xx_HAL_Driver/Src/stm32f4xx_hal_tim_ex.o
 .debug_info    0x00009f17     0x171d Drivers/STM32F4xx_HAL_Driver/Src/stm32f4xx_hal_uart.o
 .debug_info    0x0000b634      0xe62 Src/COM.o
 .debug_info    0x0000c496      0xd03 Src/buttons.o
 .debug_info    0x0000d199     0x1d27 Src/gfx.o
 .debug_info    0x0000eec0     0x339b Src/main.o
 .debug_info    0x0001225b     0x1769 Src/menu.o
 .debug_info    0x000139c4      0xf12 Src/motor.o
 .debug_info    0x000148d6      0xc29 Src/rng.o
 .debug_info    0x000154ff      0xefd Src/ssd1351.o
 .debug_info    0x000163fc     0x13c3 Src/stm32f4xx_hal_msp.o
 .debug_info    0x000177bf      0x6b8 Src/stm32f4xx_it.o
 .debug_info    0x00017e77      0xfd3 Src/syscalls.o
 .debug_info    0x00018e4a      0x559 Src/system_stm32f4xx.o
 .debug_info    0x000193a3      0x47f Src/tlc5971.o

.debug_abbrev   0x00000000     0x358e
 .debug_abbrev  0x00000000      0x1ed Drivers/STM32F4xx_HAL_Driver/Src/stm32f4xx_hal.o
 .debug_abbrev  0x000001ed      0x328 Drivers/STM32F4xx_HAL_Driver/Src/stm32f4xx_hal_cortex.o
 .debug_abbrev  0x00000515      0x290 Drivers/STM32F4xx_HAL_Driver/Src/stm32f4xx_hal_dma.o
 .debug_abbrev  0x000007a5      0x1e7 Drivers/STM32F4xx_HAL_Driver/Src/stm32f4xx_hal_gpio.o
 .debug_abbrev  0x0000098c      0x273 Drivers/STM32F4xx_HAL_Driver/Src/stm32f4xx_hal_rcc.o
 .debug_abbrev  0x00000bff      0x1bb Drivers/STM32F4xx_HAL_Driver/Src/stm32f4xx_hal_rng.o
 .debug_abbrev  0x00000dba      0x249 Drivers/STM32F4xx_HAL_Driver/Src/stm32f4xx_hal_spi.o
 .debug_abbrev  0x00001003      0x226 Drivers/STM32F4xx_HAL_Driver/Src/stm32f4xx_hal_tim.o
 .debug_abbrev  0x00001229      0x237 Drivers/STM32F4xx_HAL_Driver/Src/stm32f4xx_hal_tim_ex.o
 .debug_abbrev  0x00001460      0x288 Drivers/STM32F4xx_HAL_Driver/Src/stm32f4xx_hal_uart.o
 .debug_abbrev  0x000016e8      0x231 Src/COM.o
 .debug_abbrev  0x00001919      0x240 Src/buttons.o
 .debug_abbrev  0x00001b59      0x38d Src/gfx.o
 .debug_abbrev  0x00001ee6      0x34e Src/main.o
 .debug_abbrev  0x00002234      0x324 Src/menu.o
 .debug_abbrev  0x00002558      0x242 Src/motor.o
 .debug_abbrev  0x0000279a      0x26d Src/rng.o
 .debug_abbrev  0x00002a07      0x23e Src/ssd1351.o
 .debug_abbrev  0x00002c45      0x22a Src/stm32f4xx_hal_msp.o
 .debug_abbrev  0x00002e6f      0x178 Src/stm32f4xx_it.o
 .debug_abbrev  0x00002fe7      0x2d4 Src/syscalls.o
 .debug_abbrev  0x000032bb      0x12b Src/system_stm32f4xx.o
 .debug_abbrev  0x000033e6      0x1a8 Src/tlc5971.o

.debug_loc      0x00000000     0xb819
 .debug_loc     0x00000000      0x11b Drivers/STM32F4xx_HAL_Driver/Src/stm32f4xx_hal.o
 .debug_loc     0x0000011b      0x5ce Drivers/STM32F4xx_HAL_Driver/Src/stm32f4xx_hal_cortex.o
 .debug_loc     0x000006e9      0xb4e Drivers/STM32F4xx_HAL_Driver/Src/stm32f4xx_hal_dma.o
 .debug_loc     0x00001237      0x476 Drivers/STM32F4xx_HAL_Driver/Src/stm32f4xx_hal_gpio.o
 .debug_loc     0x000016ad      0x40f Drivers/STM32F4xx_HAL_Driver/Src/stm32f4xx_hal_rcc.o
 .debug_loc     0x00001abc      0x320 Drivers/STM32F4xx_HAL_Driver/Src/stm32f4xx_hal_rng.o
 .debug_loc     0x00001ddc     0x1a09 Drivers/STM32F4xx_HAL_Driver/Src/stm32f4xx_hal_spi.o
 .debug_loc     0x000037e5     0x3888 Drivers/STM32F4xx_HAL_Driver/Src/stm32f4xx_hal_tim.o
 .debug_loc     0x0000706d     0x11a0 Drivers/STM32F4xx_HAL_Driver/Src/stm32f4xx_hal_tim_ex.o
 .debug_loc     0x0000820d     0x1599 Drivers/STM32F4xx_HAL_Driver/Src/stm32f4xx_hal_uart.o
 .debug_loc     0x000097a6       0x2c Src/COM.o
 .debug_loc     0x000097d2       0x55 Src/buttons.o
 .debug_loc     0x00009827      0xbb8 Src/gfx.o
 .debug_loc     0x0000a3df      0x2f0 Src/main.o
 .debug_loc     0x0000a6cf      0x549 Src/menu.o
 .debug_loc     0x0000ac18      0x24b Src/motor.o
 .debug_loc     0x0000ae63       0x8b Src/rng.o
 .debug_loc     0x0000aeee      0x130 Src/ssd1351.o
 .debug_loc     0x0000b01e      0x13b Src/stm32f4xx_hal_msp.o
 .debug_loc     0x0000b159      0x3af Src/syscalls.o
 .debug_loc     0x0000b508      0x13e Src/system_stm32f4xx.o
 .debug_loc     0x0000b646      0x1d3 Src/tlc5971.o

.debug_aranges  0x00000000     0x10d0
 .debug_aranges
                0x00000000       0xf0 Drivers/STM32F4xx_HAL_Driver/Src/stm32f4xx_hal.o
 .debug_aranges
                0x000000f0       0xa8 Drivers/STM32F4xx_HAL_Driver/Src/stm32f4xx_hal_cortex.o
 .debug_aranges
                0x00000198       0x90 Drivers/STM32F4xx_HAL_Driver/Src/stm32f4xx_hal_dma.o
 .debug_aranges
                0x00000228       0x58 Drivers/STM32F4xx_HAL_Driver/Src/stm32f4xx_hal_gpio.o
 .debug_aranges
                0x00000280       0x88 Drivers/STM32F4xx_HAL_Driver/Src/stm32f4xx_hal_rcc.o
 .debug_aranges
                0x00000308       0x88 Drivers/STM32F4xx_HAL_Driver/Src/stm32f4xx_hal_rng.o
 .debug_aranges
                0x00000390      0x1d0 Drivers/STM32F4xx_HAL_Driver/Src/stm32f4xx_hal_spi.o
 .debug_aranges
                0x00000560      0x3a8 Drivers/STM32F4xx_HAL_Driver/Src/stm32f4xx_hal_tim.o
 .debug_aranges
                0x00000908      0x150 Drivers/STM32F4xx_HAL_Driver/Src/stm32f4xx_hal_tim_ex.o
 .debug_aranges
                0x00000a58      0x1d0 Drivers/STM32F4xx_HAL_Driver/Src/stm32f4xx_hal_uart.o
 .debug_aranges
                0x00000c28       0x20 Src/COM.o
 .debug_aranges
                0x00000c48       0x28 Src/buttons.o
 .debug_aranges
                0x00000c70       0x58 Src/gfx.o
 .debug_aranges
                0x00000cc8       0x90 Src/main.o
 .debug_aranges
                0x00000d58       0x88 Src/menu.o
 .debug_aranges
                0x00000de0       0x98 Src/motor.o
 .debug_aranges
                0x00000e78       0x28 Src/rng.o
 .debug_aranges
                0x00000ea0       0x40 Src/ssd1351.o
 .debug_aranges
                0x00000ee0       0x68 Src/stm32f4xx_hal_msp.o
 .debug_aranges
                0x00000f48       0x68 Src/stm32f4xx_it.o
 .debug_aranges
                0x00000fb0       0xb0 Src/syscalls.o
 .debug_aranges
                0x00001060       0x28 Src/system_stm32f4xx.o
 .debug_aranges
                0x00001088       0x48 Src/tlc5971.o

.debug_ranges   0x00000000     0x1080
 .debug_ranges  0x00000000       0xe0 Drivers/STM32F4xx_HAL_Driver/Src/stm32f4xx_hal.o
 .debug_ranges  0x000000e0       0xf8 Drivers/STM32F4xx_HAL_Driver/Src/stm32f4xx_hal_cortex.o
 .debug_ranges  0x000001d8       0x80 Drivers/STM32F4xx_HAL_Driver/Src/stm32f4xx_hal_dma.o
 .debug_ranges  0x00000258       0x48 Drivers/STM32F4xx_HAL_Driver/Src/stm32f4xx_hal_gpio.o
 .debug_ranges  0x000002a0       0x90 Drivers/STM32F4xx_HAL_Driver/Src/stm32f4xx_hal_rcc.o
 .debug_ranges  0x00000330       0x78 Drivers/STM32F4xx_HAL_Driver/Src/stm32f4xx_hal_rng.o
 .debug_ranges  0x000003a8      0x1c0 Drivers/STM32F4xx_HAL_Driver/Src/stm32f4xx_hal_spi.o
 .debug_ranges  0x00000568      0x398 Drivers/STM32F4xx_HAL_Driver/Src/stm32f4xx_hal_tim.o
 .debug_ranges  0x00000900      0x140 Drivers/STM32F4xx_HAL_Driver/Src/stm32f4xx_hal_tim_ex.o
 .debug_ranges  0x00000a40      0x1c0 Drivers/STM32F4xx_HAL_Driver/Src/stm32f4xx_hal_uart.o
 .debug_ranges  0x00000c00       0x10 Src/COM.o
 .debug_ranges  0x00000c10       0x18 Src/buttons.o
 .debug_ranges  0x00000c28       0xa8 Src/gfx.o
 .debug_ranges  0x00000cd0       0xb0 Src/main.o
 .debug_ranges  0x00000d80       0x78 Src/menu.o
 .debug_ranges  0x00000df8       0x88 Src/motor.o
 .debug_ranges  0x00000e80       0x18 Src/rng.o
 .debug_ranges  0x00000e98       0x30 Src/ssd1351.o
 .debug_ranges  0x00000ec8       0x58 Src/stm32f4xx_hal_msp.o
 .debug_ranges  0x00000f20       0x58 Src/stm32f4xx_it.o
 .debug_ranges  0x00000f78       0xa0 Src/syscalls.o
 .debug_ranges  0x00001018       0x18 Src/system_stm32f4xx.o
 .debug_ranges  0x00001030       0x50 Src/tlc5971.o

.debug_macro    0x00000000    0x238a6
 .debug_macro   0x00000000      0x242 Drivers/STM32F4xx_HAL_Driver/Src/stm32f4xx_hal.o
 .debug_macro   0x00000242      0xa54 Drivers/STM32F4xx_HAL_Driver/Src/stm32f4xx_hal.o
 .debug_macro   0x00000c96      0x2a0 Drivers/STM32F4xx_HAL_Driver/Src/stm32f4xx_hal.o
 .debug_macro   0x00000f36       0x2e Drivers/STM32F4xx_HAL_Driver/Src/stm32f4xx_hal.o
 .debug_macro   0x00000f64       0x2f Drivers/STM32F4xx_HAL_Driver/Src/stm32f4xx_hal.o
 .debug_macro   0x00000f93       0x22 Drivers/STM32F4xx_HAL_Driver/Src/stm32f4xx_hal.o
 .debug_macro   0x00000fb5       0x8e Drivers/STM32F4xx_HAL_Driver/Src/stm32f4xx_hal.o
 .debug_macro   0x00001043       0x51 Drivers/STM32F4xx_HAL_Driver/Src/stm32f4xx_hal.o
 .debug_macro   0x00001094       0xef Drivers/STM32F4xx_HAL_Driver/Src/stm32f4xx_hal.o
 .debug_macro   0x00001183       0x6a Drivers/STM32F4xx_HAL_Driver/Src/stm32f4xx_hal.o
 .debug_macro   0x000011ed      0x1df Drivers/STM32F4xx_HAL_Driver/Src/stm32f4xx_hal.o
 .debug_macro   0x000013cc       0x1c Drivers/STM32F4xx_HAL_Driver/Src/stm32f4xx_hal.o
 .debug_macro   0x000013e8       0x22 Drivers/STM32F4xx_HAL_Driver/Src/stm32f4xx_hal.o
 .debug_macro   0x0000140a       0xdf Drivers/STM32F4xx_HAL_Driver/Src/stm32f4xx_hal.o
 .debug_macro   0x000014e9     0x102d Drivers/STM32F4xx_HAL_Driver/Src/stm32f4xx_hal.o
 .debug_macro   0x00002516      0x11f Drivers/STM32F4xx_HAL_Driver/Src/stm32f4xx_hal.o
 .debug_macro   0x00002635    0x15e3c Drivers/STM32F4xx_HAL_Driver/Src/stm32f4xx_hal.o
 .debug_macro   0x00018471       0x43 Drivers/STM32F4xx_HAL_Driver/Src/stm32f4xx_hal.o
 .debug_macro   0x000184b4     0x3659 Drivers/STM32F4xx_HAL_Driver/Src/stm32f4xx_hal.o
 .debug_macro   0x0001bb0d      0x174 Drivers/STM32F4xx_HAL_Driver/Src/stm32f4xx_hal.o
 .debug_macro   0x0001bc81       0x5a Drivers/STM32F4xx_HAL_Driver/Src/stm32f4xx_hal.o
 .debug_macro   0x0001bcdb      0x96b Drivers/STM32F4xx_HAL_Driver/Src/stm32f4xx_hal.o
 .debug_macro   0x0001c646      0x9fe Drivers/STM32F4xx_HAL_Driver/Src/stm32f4xx_hal.o
 .debug_macro   0x0001d044      0x117 Drivers/STM32F4xx_HAL_Driver/Src/stm32f4xx_hal.o
 .debug_macro   0x0001d15b      0x13e Drivers/STM32F4xx_HAL_Driver/Src/stm32f4xx_hal.o
 .debug_macro   0x0001d299       0x27 Drivers/STM32F4xx_HAL_Driver/Src/stm32f4xx_hal.o
 .debug_macro   0x0001d2c0      0x174 Drivers/STM32F4xx_HAL_Driver/Src/stm32f4xx_hal.o
 .debug_macro   0x0001d434      0x287 Drivers/STM32F4xx_HAL_Driver/Src/stm32f4xx_hal.o
 .debug_macro   0x0001d6bb       0x5f Drivers/STM32F4xx_HAL_Driver/Src/stm32f4xx_hal.o
 .debug_macro   0x0001d71a      0x236 Drivers/STM32F4xx_HAL_Driver/Src/stm32f4xx_hal.o
 .debug_macro   0x0001d950      0x12c Drivers/STM32F4xx_HAL_Driver/Src/stm32f4xx_hal.o
 .debug_macro   0x0001da7c      0x21e Drivers/STM32F4xx_HAL_Driver/Src/stm32f4xx_hal.o
 .debug_macro   0x0001dc9a       0x2e Drivers/STM32F4xx_HAL_Driver/Src/stm32f4xx_hal.o
 .debug_macro   0x0001dcc8      0x11a Drivers/STM32F4xx_HAL_Driver/Src/stm32f4xx_hal.o
 .debug_macro   0x0001dde2       0x7e Drivers/STM32F4xx_HAL_Driver/Src/stm32f4xx_hal.o
 .debug_macro   0x0001de60       0x89 Drivers/STM32F4xx_HAL_Driver/Src/stm32f4xx_hal.o
 .debug_macro   0x0001dee9       0xa4 Drivers/STM32F4xx_HAL_Driver/Src/stm32f4xx_hal.o
 .debug_macro   0x0001df8d      0x225 Drivers/STM32F4xx_HAL_Driver/Src/stm32f4xx_hal.o
 .debug_macro   0x0001e1b2      0x8a0 Drivers/STM32F4xx_HAL_Driver/Src/stm32f4xx_hal.o
 .debug_macro   0x0001ea52       0x47 Drivers/STM32F4xx_HAL_Driver/Src/stm32f4xx_hal.o
 .debug_macro   0x0001ea99      0x287 Drivers/STM32F4xx_HAL_Driver/Src/stm32f4xx_hal.o
 .debug_macro   0x0001ed20      0x12d Drivers/STM32F4xx_HAL_Driver/Src/stm32f4xx_hal.o
 .debug_macro   0x0001ee4d      0x1e2 Drivers/STM32F4xx_HAL_Driver/Src/stm32f4xx_hal_cortex.o
 .debug_macro   0x0001f02f      0x1e8 Drivers/STM32F4xx_HAL_Driver/Src/stm32f4xx_hal_dma.o
 .debug_macro   0x0001f217      0x218 Drivers/STM32F4xx_HAL_Driver/Src/stm32f4xx_hal_gpio.o
 .debug_macro   0x0001f42f      0x206 Drivers/STM32F4xx_HAL_Driver/Src/stm32f4xx_hal_rcc.o
 .debug_macro   0x0001f635      0x1e8 Drivers/STM32F4xx_HAL_Driver/Src/stm32f4xx_hal_rng.o
 .debug_macro   0x0001f81d      0x1f1 Drivers/STM32F4xx_HAL_Driver/Src/stm32f4xx_hal_spi.o
 .debug_macro   0x0001fa0e      0x1e3 Drivers/STM32F4xx_HAL_Driver/Src/stm32f4xx_hal_tim.o
 .debug_macro   0x0001fbf1      0x1e2 Drivers/STM32F4xx_HAL_Driver/Src/stm32f4xx_hal_tim_ex.o
 .debug_macro   0x0001fdd3      0x1e3 Drivers/STM32F4xx_HAL_Driver/Src/stm32f4xx_hal_uart.o
 .debug_macro   0x0001ffb6      0x2bb Src/COM.o
 .debug_macro   0x00020271      0x247 Src/COM.o
 .debug_macro   0x000204b8       0x5e Src/COM.o
 .debug_macro   0x00020516       0x18 Src/COM.o
 .debug_macro   0x0002052e       0x35 Src/COM.o
 .debug_macro   0x00020563       0x34 Src/COM.o
 .debug_macro   0x00020597       0x58 Src/COM.o
 .debug_macro   0x000205ef       0x1f Src/COM.o
 .debug_macro   0x0002060e       0x43 Src/COM.o
 .debug_macro   0x00020651       0x20 Src/COM.o
 .debug_macro   0x00020671      0x18e Src/COM.o
 .debug_macro   0x000207ff      0x32a Src/COM.o
 .debug_macro   0x00020b29       0x10 Src/COM.o
 .debug_macro   0x00020b39       0x35 Src/COM.o
 .debug_macro   0x00020b6e      0x319 Src/buttons.o
 .debug_macro   0x00020e87       0x22 Src/buttons.o
 .debug_macro   0x00020ea9       0x16 Src/buttons.o
 .debug_macro   0x00020ebf       0x16 Src/buttons.o
 .debug_macro   0x00020ed5       0x29 Src/buttons.o
 .debug_macro   0x00020efe       0x16 Src/buttons.o
 .debug_macro   0x00020f14       0x16 Src/buttons.o
 .debug_macro   0x00020f2a      0x2d9 Src/gfx.o
 .debug_macro   0x00021203       0x58 Src/gfx.o
 .debug_macro   0x0002125b       0x94 Src/gfx.o
 .debug_macro   0x000212ef      0x10e Src/gfx.o
 .debug_macro   0x000213fd       0x8d Src/gfx.o
 .debug_macro   0x0002148a       0x57 Src/gfx.o
 .debug_macro   0x000214e1      0x330 Src/gfx.o
 .debug_macro   0x00021811       0x10 Src/gfx.o
 .debug_macro   0x00021821       0xd9 Src/gfx.o
 .debug_macro   0x000218fa       0x54 Src/gfx.o
 .debug_macro   0x0002194e      0x422 Src/main.o
 .debug_macro   0x00021d70       0x16 Src/main.o
 .debug_macro   0x00021d86      0x3fb Src/menu.o
 .debug_macro   0x00022181       0x16 Src/menu.o
 .debug_macro   0x00022197      0x1ff Src/motor.o
 .debug_macro   0x00022396      0x38e Src/rng.o
 .debug_macro   0x00022724      0x14d Src/ssd1351.o
 .debug_macro   0x00022871      0x1f1 Src/stm32f4xx_hal_msp.o
 .debug_macro   0x00022a62      0x1fb Src/stm32f4xx_it.o
 .debug_macro   0x00022c5d      0x243 Src/syscalls.o
 .debug_macro   0x00022ea0       0x10 Src/syscalls.o
 .debug_macro   0x00022eb0       0x10 Src/syscalls.o
 .debug_macro   0x00022ec0       0x10 Src/syscalls.o
 .debug_macro   0x00022ed0       0x35 Src/syscalls.o
 .debug_macro   0x00022f05      0x122 Src/syscalls.o
 .debug_macro   0x00023027       0x10 Src/syscalls.o
 .debug_macro   0x00023037      0x241 Src/syscalls.o
 .debug_macro   0x00023278       0x10 Src/syscalls.o
 .debug_macro   0x00023288      0x189 Src/syscalls.o
 .debug_macro   0x00023411       0x16 Src/syscalls.o
 .debug_macro   0x00023427       0x88 Src/syscalls.o
 .debug_macro   0x000234af      0x1e8 Src/system_stm32f4xx.o
 .debug_macro   0x00023697      0x20f Src/tlc5971.o

.debug_line     0x00000000     0xee17
 .debug_line    0x00000000      0x91d Drivers/STM32F4xx_HAL_Driver/Src/stm32f4xx_hal.o
 .debug_line    0x0000091d      0x96f Drivers/STM32F4xx_HAL_Driver/Src/stm32f4xx_hal_cortex.o
 .debug_line    0x0000128c      0xa45 Drivers/STM32F4xx_HAL_Driver/Src/stm32f4xx_hal_dma.o
 .debug_line    0x00001cd1      0x8a5 Drivers/STM32F4xx_HAL_Driver/Src/stm32f4xx_hal_gpio.o
 .debug_line    0x00002576      0x9ae Drivers/STM32F4xx_HAL_Driver/Src/stm32f4xx_hal_rcc.o
 .debug_line    0x00002f24      0x8aa Drivers/STM32F4xx_HAL_Driver/Src/stm32f4xx_hal_rng.o
 .debug_line    0x000037ce     0x1171 Drivers/STM32F4xx_HAL_Driver/Src/stm32f4xx_hal_spi.o
 .debug_line    0x0000493f     0x1908 Drivers/STM32F4xx_HAL_Driver/Src/stm32f4xx_hal_tim.o
 .debug_line    0x00006247      0xd58 Drivers/STM32F4xx_HAL_Driver/Src/stm32f4xx_hal_tim_ex.o
 .debug_line    0x00006f9f     0x106c Drivers/STM32F4xx_HAL_Driver/Src/stm32f4xx_hal_uart.o
 .debug_line    0x0000800b      0x7aa Src/COM.o
 .debug_line    0x000087b5      0x897 Src/buttons.o
 .debug_line    0x0000904c      0xa92 Src/gfx.o
 .debug_line    0x00009ade      0xc9a Src/main.o
 .debug_line    0x0000a778      0xb75 Src/menu.o
 .debug_line    0x0000b2ed      0x8d1 Src/motor.o
 .debug_line    0x0000bbbe      0x8a9 Src/rng.o
 .debug_line    0x0000c467      0x412 Src/ssd1351.o
 .debug_line    0x0000c879      0x81c Src/stm32f4xx_hal_msp.o
 .debug_line    0x0000d095      0x7bc Src/stm32f4xx_it.o
 .debug_line    0x0000d851      0x5b9 Src/syscalls.o
 .debug_line    0x0000de0a      0x73b Src/system_stm32f4xx.o
 .debug_line    0x0000e545      0x8d2 Src/tlc5971.o

.debug_str      0x00000000    0xcdc01
 .debug_str     0x00000000    0xc45c4 Drivers/STM32F4xx_HAL_Driver/Src/stm32f4xx_hal.o
                              0xc4950 (size before relaxing)
 .debug_str     0x000c45c4      0x3a1 Drivers/STM32F4xx_HAL_Driver/Src/stm32f4xx_hal_cortex.o
                              0xc46fa (size before relaxing)
 .debug_str     0x000c4965      0x536 Drivers/STM32F4xx_HAL_Driver/Src/stm32f4xx_hal_dma.o
                              0xc425f (size before relaxing)
 .debug_str     0x000c4e9b      0x292 Drivers/STM32F4xx_HAL_Driver/Src/stm32f4xx_hal_gpio.o
                              0xc407d (size before relaxing)
 .debug_str     0x000c512d      0x38f Drivers/STM32F4xx_HAL_Driver/Src/stm32f4xx_hal_rcc.o
                              0xc4252 (size before relaxing)
 .debug_str     0x000c54bc      0x234 Drivers/STM32F4xx_HAL_Driver/Src/stm32f4xx_hal_rng.o
                              0xc3f60 (size before relaxing)
 .debug_str     0x000c56f0      0x737 Drivers/STM32F4xx_HAL_Driver/Src/stm32f4xx_hal_spi.o
                              0xc46e8 (size before relaxing)
 .debug_str     0x000c5e27      0xf2f Drivers/STM32F4xx_HAL_Driver/Src/stm32f4xx_hal_tim.o
                              0xc4f9d (size before relaxing)
 .debug_str     0x000c6d56      0x4d4 Drivers/STM32F4xx_HAL_Driver/Src/stm32f4xx_hal_tim_ex.o
                              0xc47b5 (size before relaxing)
 .debug_str     0x000c722a      0x67c Drivers/STM32F4xx_HAL_Driver/Src/stm32f4xx_hal_uart.o
                              0xc4701 (size before relaxing)
 .debug_str     0x000c78a6     0x3429 Src/COM.o
                              0xc753e (size before relaxing)
 .debug_str     0x000caccf      0x221 Src/buttons.o
                              0xc7370 (size before relaxing)
 .debug_str     0x000caef0      0x2b3 Src/gfx.o
                              0xc756c (size before relaxing)
 .debug_str     0x000cb1a3     0x14cd Src/main.o
                              0xc9b21 (size before relaxing)
 .debug_str     0x000cc670      0x1c3 Src/menu.o
                              0xc87fb (size before relaxing)
 .debug_str     0x000cc833       0x93 Src/motor.o
                              0xc4ba2 (size before relaxing)
 .debug_str     0x000cc8c6       0x24 Src/rng.o
                              0xc84ee (size before relaxing)
 .debug_str     0x000cc8ea       0x4c Src/ssd1351.o
                               0x6e07 (size before relaxing)
 .debug_str     0x000cc936       0x25 Src/stm32f4xx_hal_msp.o
                              0xc551b (size before relaxing)
 .debug_str     0x000cc95b       0xca Src/stm32f4xx_it.o
                              0xc4a91 (size before relaxing)
 .debug_str     0x000cca25     0x1125 Src/syscalls.o
                               0x85aa (size before relaxing)
 .debug_str     0x000cdb4a       0x5a Src/system_stm32f4xx.o
                              0xc3e39 (size before relaxing)
 .debug_str     0x000cdba4       0x5d Src/tlc5971.o
                              0xc468c (size before relaxing)

.comment        0x00000000       0x7f
 .comment       0x00000000       0x7f Drivers/STM32F4xx_HAL_Driver/Src/stm32f4xx_hal.o
                                 0x80 (size before relaxing)
 .comment       0x0000007f       0x80 Drivers/STM32F4xx_HAL_Driver/Src/stm32f4xx_hal_cortex.o
 .comment       0x0000007f       0x80 Drivers/STM32F4xx_HAL_Driver/Src/stm32f4xx_hal_dma.o
 .comment       0x0000007f       0x80 Drivers/STM32F4xx_HAL_Driver/Src/stm32f4xx_hal_gpio.o
 .comment       0x0000007f       0x80 Drivers/STM32F4xx_HAL_Driver/Src/stm32f4xx_hal_rcc.o
 .comment       0x0000007f       0x80 Drivers/STM32F4xx_HAL_Driver/Src/stm32f4xx_hal_rng.o
 .comment       0x0000007f       0x80 Drivers/STM32F4xx_HAL_Driver/Src/stm32f4xx_hal_spi.o
 .comment       0x0000007f       0x80 Drivers/STM32F4xx_HAL_Driver/Src/stm32f4xx_hal_tim.o
 .comment       0x0000007f       0x80 Drivers/STM32F4xx_HAL_Driver/Src/stm32f4xx_hal_tim_ex.o
 .comment       0x0000007f       0x80 Drivers/STM32F4xx_HAL_Driver/Src/stm32f4xx_hal_uart.o
 .comment       0x0000007f       0x80 Src/COM.o
 .comment       0x0000007f       0x80 Src/buttons.o
 .comment       0x0000007f       0x80 Src/gfx.o
 .comment       0x0000007f       0x80 Src/main.o
 .comment       0x0000007f       0x80 Src/menu.o
 .comment       0x0000007f       0x80 Src/motor.o
 .comment       0x0000007f       0x80 Src/rng.o
 .comment       0x0000007f       0x80 Src/ssd1351.o
 .comment       0x0000007f       0x80 Src/stm32f4xx_hal_msp.o
 .comment       0x0000007f       0x80 Src/stm32f4xx_it.o
 .comment       0x0000007f       0x80 Src/syscalls.o
 .comment       0x0000007f       0x80 Src/system_stm32f4xx.o
 .comment       0x0000007f       0x80 Src/tlc5971.o

.debug_frame    0x00000000     0x30f0
 .debug_frame   0x00000000      0x1ec Drivers/STM32F4xx_HAL_Driver/Src/stm32f4xx_hal.o
 .debug_frame   0x000001ec      0x15c Drivers/STM32F4xx_HAL_Driver/Src/stm32f4xx_hal_cortex.o
 .debug_frame   0x00000348      0x188 Drivers/STM32F4xx_HAL_Driver/Src/stm32f4xx_hal_dma.o
 .debug_frame   0x000004d0       0xd8 Drivers/STM32F4xx_HAL_Driver/Src/stm32f4xx_hal_gpio.o
 .debug_frame   0x000005a8      0x184 Drivers/STM32F4xx_HAL_Driver/Src/stm32f4xx_hal_rcc.o
 .debug_frame   0x0000072c      0x12c Drivers/STM32F4xx_HAL_Driver/Src/stm32f4xx_hal_rng.o
 .debug_frame   0x00000858      0x594 Drivers/STM32F4xx_HAL_Driver/Src/stm32f4xx_hal_spi.o
 .debug_frame   0x00000dec      0xa7c Drivers/STM32F4xx_HAL_Driver/Src/stm32f4xx_hal_tim.o
 .debug_frame   0x00001868      0x3b4 Drivers/STM32F4xx_HAL_Driver/Src/stm32f4xx_hal_tim_ex.o
 .debug_frame   0x00001c1c      0x4f0 Drivers/STM32F4xx_HAL_Driver/Src/stm32f4xx_hal_uart.o
 .debug_frame   0x0000210c       0x28 Src/COM.o
 .debug_frame   0x00002134       0x48 Src/buttons.o
 .debug_frame   0x0000217c      0x14c Src/gfx.o
 .debug_frame   0x000022c8      0x1a4 Src/main.o
 .debug_frame   0x0000246c      0x1c0 Src/menu.o
 .debug_frame   0x0000262c      0x17c Src/motor.o
 .debug_frame   0x000027a8       0x4c Src/rng.o
 .debug_frame   0x000027f4       0xb0 Src/ssd1351.o
 .debug_frame   0x000028a4      0x10c Src/stm32f4xx_hal_msp.o
 .debug_frame   0x000029b0       0xc0 Src/stm32f4xx_it.o
 .debug_frame   0x00002a70      0x1a8 Src/syscalls.o
 .debug_frame   0x00002c18       0x30 Src/system_stm32f4xx.o
 .debug_frame   0x00002c48       0xb8 Src/tlc5971.o
 .debug_frame   0x00002d00       0x2c g:/stm-workbench/plugins/fr.ac6.mcu.externaltools.arm-none.win32_1.17.0.201812190825/tools/compiler/bin/../lib/gcc/arm-none-eabi/7.3.1/thumb/v7e-m/fpv4-sp/hard\libgcc.a(_aeabi_uldivmod.o)
 .debug_frame   0x00002d2c       0x34 g:/stm-workbench/plugins/fr.ac6.mcu.externaltools.arm-none.win32_1.17.0.201812190825/tools/compiler/bin/../lib/gcc/arm-none-eabi/7.3.1/thumb/v7e-m/fpv4-sp/hard\libgcc.a(_udivmoddi4.o)
 .debug_frame   0x00002d60       0x20 g:/stm-workbench/plugins/fr.ac6.mcu.externaltools.arm-none.win32_1.17.0.201812190825/tools/compiler/bin/../lib/gcc/arm-none-eabi/7.3.1/../../../../arm-none-eabi/lib/thumb/v7e-m/fpv4-sp/hard\libc_nano.a(lib_a-errno.o)
 .debug_frame   0x00002d80       0x2c g:/stm-workbench/plugins/fr.ac6.mcu.externaltools.arm-none.win32_1.17.0.201812190825/tools/compiler/bin/../lib/gcc/arm-none-eabi/7.3.1/../../../../arm-none-eabi/lib/thumb/v7e-m/fpv4-sp/hard\libc_nano.a(lib_a-init.o)
 .debug_frame   0x00002dac       0x20 g:/stm-workbench/plugins/fr.ac6.mcu.externaltools.arm-none.win32_1.17.0.201812190825/tools/compiler/bin/../lib/gcc/arm-none-eabi/7.3.1/../../../../arm-none-eabi/lib/thumb/v7e-m/fpv4-sp/hard\libc_nano.a(lib_a-memset.o)
 .debug_frame   0x00002dcc       0x6c g:/stm-workbench/plugins/fr.ac6.mcu.externaltools.arm-none.win32_1.17.0.201812190825/tools/compiler/bin/../lib/gcc/arm-none-eabi/7.3.1/../../../../arm-none-eabi/lib/thumb/v7e-m/fpv4-sp/hard\libc_nano.a(lib_a-sprintf.o)
 .debug_frame   0x00002e38       0x90 g:/stm-workbench/plugins/fr.ac6.mcu.externaltools.arm-none.win32_1.17.0.201812190825/tools/compiler/bin/../lib/gcc/arm-none-eabi/7.3.1/../../../../arm-none-eabi/lib/thumb/v7e-m/fpv4-sp/hard\libc_nano.a(lib_a-nano-svfprintf.o)
 .debug_frame   0x00002ec8       0x60 g:/stm-workbench/plugins/fr.ac6.mcu.externaltools.arm-none.win32_1.17.0.201812190825/tools/compiler/bin/../lib/gcc/arm-none-eabi/7.3.1/../../../../arm-none-eabi/lib/thumb/v7e-m/fpv4-sp/hard\libc_nano.a(lib_a-nano-vfprintf_i.o)
 .debug_frame   0x00002f28       0x28 g:/stm-workbench/plugins/fr.ac6.mcu.externaltools.arm-none.win32_1.17.0.201812190825/tools/compiler/bin/../lib/gcc/arm-none-eabi/7.3.1/../../../../arm-none-eabi/lib/thumb/v7e-m/fpv4-sp/hard\libc_nano.a(lib_a-memcpy-stub.o)
 .debug_frame   0x00002f50       0x28 g:/stm-workbench/plugins/fr.ac6.mcu.externaltools.arm-none.win32_1.17.0.201812190825/tools/compiler/bin/../lib/gcc/arm-none-eabi/7.3.1/../../../../arm-none-eabi/lib/thumb/v7e-m/fpv4-sp/hard\libc_nano.a(lib_a-memmove.o)
 .debug_frame   0x00002f78       0x38 g:/stm-workbench/plugins/fr.ac6.mcu.externaltools.arm-none.win32_1.17.0.201812190825/tools/compiler/bin/../lib/gcc/arm-none-eabi/7.3.1/../../../../arm-none-eabi/lib/thumb/v7e-m/fpv4-sp/hard\libc_nano.a(lib_a-nano-freer.o)
 .debug_frame   0x00002fb0       0x2c g:/stm-workbench/plugins/fr.ac6.mcu.externaltools.arm-none.win32_1.17.0.201812190825/tools/compiler/bin/../lib/gcc/arm-none-eabi/7.3.1/../../../../arm-none-eabi/lib/thumb/v7e-m/fpv4-sp/hard\libc_nano.a(lib_a-nano-mallocr.o)
 .debug_frame   0x00002fdc       0x3c g:/stm-workbench/plugins/fr.ac6.mcu.externaltools.arm-none.win32_1.17.0.201812190825/tools/compiler/bin/../lib/gcc/arm-none-eabi/7.3.1/../../../../arm-none-eabi/lib/thumb/v7e-m/fpv4-sp/hard\libc_nano.a(lib_a-nano-reallocr.o)
 .debug_frame   0x00003018       0x2c g:/stm-workbench/plugins/fr.ac6.mcu.externaltools.arm-none.win32_1.17.0.201812190825/tools/compiler/bin/../lib/gcc/arm-none-eabi/7.3.1/../../../../arm-none-eabi/lib/thumb/v7e-m/fpv4-sp/hard\libc_nano.a(lib_a-sbrkr.o)
 .debug_frame   0x00003044       0x30 g:/stm-workbench/plugins/fr.ac6.mcu.externaltools.arm-none.win32_1.17.0.201812190825/tools/compiler/bin/../lib/gcc/arm-none-eabi/7.3.1/../../../../arm-none-eabi/lib/thumb/v7e-m/fpv4-sp/hard\libc_nano.a(lib_a-mlock.o)
 .debug_frame   0x00003074       0x20 g:/stm-workbench/plugins/fr.ac6.mcu.externaltools.arm-none.win32_1.17.0.201812190825/tools/compiler/bin/../lib/gcc/arm-none-eabi/7.3.1/../../../../arm-none-eabi/lib/thumb/v7e-m/fpv4-sp/hard\libc_nano.a(lib_a-nano-msizer.o)
 .debug_frame   0x00003094       0x5c g:/stm-workbench/plugins/fr.ac6.mcu.externaltools.arm-none.win32_1.17.0.201812190825/tools/compiler/bin/../lib/gcc/arm-none-eabi/7.3.1/../../../../arm-none-eabi/lib/thumb/v7e-m/fpv4-sp/hard\libc_nano.a(lib_a-reent.o)
